[2023-12-12T19:16:33.425+0000][gc,heap] Heap region size: 1M
[2023-12-12T19:16:33.429+0000][gc     ] Using G1
[2023-12-12T19:16:33.429+0000][gc,heap,coops] Heap address: 0x00000000c0000000, size: 1024 MB, Compressed Oops mode: 32-bit
[2023-12-12T19:16:34.376+0000][gc,start     ] GC(0) Pause Young (Concurrent Start) (Metadata GC Threshold)
[2023-12-12T19:16:34.377+0000][gc,task      ] GC(0) Using 13 workers of 13 for evacuation
[2023-12-12T19:16:34.383+0000][gc,phases    ] GC(0)   Pre Evacuate Collection Set: 0.0ms
[2023-12-12T19:16:34.384+0000][gc,phases    ] GC(0)   Evacuate Collection Set: 5.6ms
[2023-12-12T19:16:34.384+0000][gc,phases    ] GC(0)   Post Evacuate Collection Set: 0.6ms
[2023-12-12T19:16:34.384+0000][gc,phases    ] GC(0)   Other: 1.4ms
[2023-12-12T19:16:34.384+0000][gc,heap      ] GC(0) Eden regions: 47->0(44)
[2023-12-12T19:16:34.384+0000][gc,heap      ] GC(0) Survivor regions: 0->7(7)
[2023-12-12T19:16:34.385+0000][gc,heap      ] GC(0) Old regions: 0->1
[2023-12-12T19:16:34.385+0000][gc,heap      ] GC(0) Humongous regions: 0->0
[2023-12-12T19:16:34.385+0000][gc,metaspace ] GC(0) Metaspace: 20765K(21296K)->20765K(21296K) NonClass: 18571K(18864K)->18571K(18864K) Class: 2194K(2432K)->2194K(2432K)
[2023-12-12T19:16:34.385+0000][gc           ] GC(0) Pause Young (Concurrent Start) (Metadata GC Threshold) 47M->7M(1024M) 9.125ms
[2023-12-12T19:16:34.385+0000][gc,cpu       ] GC(0) User=0.03s Sys=0.00s Real=0.01s
[2023-12-12T19:16:34.385+0000][gc           ] GC(1) Concurrent Cycle
[2023-12-12T19:16:34.385+0000][gc,marking   ] GC(1) Concurrent Clear Claimed Marks
[2023-12-12T19:16:34.385+0000][gc,marking   ] GC(1) Concurrent Clear Claimed Marks 0.186ms
[2023-12-12T19:16:34.386+0000][gc,marking   ] GC(1) Concurrent Scan Root Regions
[2023-12-12T19:16:34.387+0000][gc,marking   ] GC(1) Concurrent Scan Root Regions 1.229ms
[2023-12-12T19:16:34.387+0000][gc,marking   ] GC(1) Concurrent Mark (1.005s)
[2023-12-12T19:16:34.387+0000][gc,marking   ] GC(1) Concurrent Mark From Roots
[2023-12-12T19:16:34.388+0000][gc,task      ] GC(1) Using 3 workers of 3 for marking
[2023-12-12T19:16:34.388+0000][gc,marking   ] GC(1) Concurrent Mark From Roots 0.628ms
[2023-12-12T19:16:34.388+0000][gc,marking   ] GC(1) Concurrent Preclean
[2023-12-12T19:16:34.388+0000][gc,marking   ] GC(1) Concurrent Preclean 0.164ms
[2023-12-12T19:16:34.388+0000][gc,marking   ] GC(1) Concurrent Mark (1.005s, 1.006s) 1.223ms
[2023-12-12T19:16:34.389+0000][gc,start     ] GC(1) Pause Remark
[2023-12-12T19:16:34.390+0000][gc,stringtable] GC(1) Cleaned string and symbol table, strings: 7944 processed, 0 removed, symbols: 66391 processed, 31 removed
[2023-12-12T19:16:34.390+0000][gc            ] GC(1) Pause Remark 7M->7M(1024M) 1.590ms
[2023-12-12T19:16:34.390+0000][gc,cpu        ] GC(1) User=0.01s Sys=0.01s Real=0.00s
[2023-12-12T19:16:34.391+0000][gc,marking    ] GC(1) Concurrent Rebuild Remembered Sets
[2023-12-12T19:16:34.391+0000][gc,marking    ] GC(1) Concurrent Rebuild Remembered Sets 0.249ms
[2023-12-12T19:16:34.391+0000][gc,start      ] GC(1) Pause Cleanup
[2023-12-12T19:16:34.391+0000][gc            ] GC(1) Pause Cleanup 7M->7M(1024M) 0.313ms
[2023-12-12T19:16:34.392+0000][gc,cpu        ] GC(1) User=0.00s Sys=0.00s Real=0.00s
[2023-12-12T19:16:34.392+0000][gc,marking    ] GC(1) Concurrent Cleanup for Next Mark
[2023-12-12T19:16:34.393+0000][gc,marking    ] GC(1) Concurrent Cleanup for Next Mark 1.371ms
[2023-12-12T19:16:34.393+0000][gc            ] GC(1) Concurrent Cycle 8.224ms
[2023-12-12T19:16:35.095+0000][gc,start      ] GC(2) Pause Young (Normal) (G1 Evacuation Pause)
[2023-12-12T19:16:35.095+0000][gc,task       ] GC(2) Using 13 workers of 13 for evacuation
[2023-12-12T19:16:35.102+0000][gc,phases     ] GC(2)   Pre Evacuate Collection Set: 0.0ms
[2023-12-12T19:16:35.103+0000][gc,phases     ] GC(2)   Evacuate Collection Set: 6.4ms
[2023-12-12T19:16:35.103+0000][gc,phases     ] GC(2)   Post Evacuate Collection Set: 0.5ms
[2023-12-12T19:16:35.103+0000][gc,phases     ] GC(2)   Other: 0.4ms
[2023-12-12T19:16:35.103+0000][gc,heap       ] GC(2) Eden regions: 44->0(49)
[2023-12-12T19:16:35.103+0000][gc,heap       ] GC(2) Survivor regions: 7->2(7)
[2023-12-12T19:16:35.104+0000][gc,heap       ] GC(2) Old regions: 1->8
[2023-12-12T19:16:35.104+0000][gc,heap       ] GC(2) Humongous regions: 0->0
[2023-12-12T19:16:35.104+0000][gc,metaspace  ] GC(2) Metaspace: 29643K(30512K)->29643K(30512K) NonClass: 26265K(26800K)->26265K(26800K) Class: 3377K(3712K)->3377K(3712K)
[2023-12-12T19:16:35.104+0000][gc            ] GC(2) Pause Young (Normal) (G1 Evacuation Pause) 51M->8M(1024M) 8.720ms
[2023-12-12T19:16:35.104+0000][gc,cpu        ] GC(2) User=0.07s Sys=0.01s Real=0.01s
[2023-12-12T19:16:35.455+0000][gc,start      ] GC(3) Pause Young (Concurrent Start) (Metadata GC Threshold)
[2023-12-12T19:16:35.455+0000][gc,task       ] GC(3) Using 13 workers of 13 for evacuation
[2023-12-12T19:16:35.457+0000][gc,phases     ] GC(3)   Pre Evacuate Collection Set: 0.1ms
[2023-12-12T19:16:35.458+0000][gc,phases     ] GC(3)   Evacuate Collection Set: 1.7ms
[2023-12-12T19:16:35.458+0000][gc,phases     ] GC(3)   Post Evacuate Collection Set: 0.4ms
[2023-12-12T19:16:35.458+0000][gc,phases     ] GC(3)   Other: 0.5ms
[2023-12-12T19:16:35.458+0000][gc,heap       ] GC(3) Eden regions: 28->0(48)
[2023-12-12T19:16:35.458+0000][gc,heap       ] GC(3) Survivor regions: 2->3(7)
[2023-12-12T19:16:35.458+0000][gc,heap       ] GC(3) Old regions: 8->8
[2023-12-12T19:16:35.459+0000][gc,heap       ] GC(3) Humongous regions: 129->129
[2023-12-12T19:16:35.459+0000][gc,metaspace  ] GC(3) Metaspace: 34948K(35920K)->34948K(35920K) NonClass: 31085K(31568K)->31085K(31568K) Class: 3863K(4352K)->3863K(4352K)
[2023-12-12T19:16:35.459+0000][gc            ] GC(3) Pause Young (Concurrent Start) (Metadata GC Threshold) 165M->138M(1024M) 4.012ms
[2023-12-12T19:16:35.459+0000][gc,cpu        ] GC(3) User=0.01s Sys=0.00s Real=0.00s
[2023-12-12T19:16:35.459+0000][gc            ] GC(4) Concurrent Cycle
[2023-12-12T19:16:35.459+0000][gc,marking    ] GC(4) Concurrent Clear Claimed Marks
[2023-12-12T19:16:35.460+0000][gc,marking    ] GC(4) Concurrent Clear Claimed Marks 0.160ms
[2023-12-12T19:16:35.460+0000][gc,marking    ] GC(4) Concurrent Scan Root Regions
[2023-12-12T19:16:35.461+0000][gc,marking    ] GC(4) Concurrent Scan Root Regions 0.980ms
[2023-12-12T19:16:35.461+0000][gc,marking    ] GC(4) Concurrent Mark (2.079s)
[2023-12-12T19:16:35.461+0000][gc,marking    ] GC(4) Concurrent Mark From Roots
[2023-12-12T19:16:35.461+0000][gc,task       ] GC(4) Using 3 workers of 3 for marking
[2023-12-12T19:16:35.463+0000][gc,marking    ] GC(4) Concurrent Mark From Roots 2.288ms
[2023-12-12T19:16:35.464+0000][gc,marking    ] GC(4) Concurrent Preclean
[2023-12-12T19:16:35.464+0000][gc,marking    ] GC(4) Concurrent Preclean 0.219ms
[2023-12-12T19:16:35.464+0000][gc,marking    ] GC(4) Concurrent Mark (2.079s, 2.082s) 2.930ms
[2023-12-12T19:16:35.464+0000][gc,start      ] GC(4) Pause Remark
[2023-12-12T19:16:35.466+0000][gc,stringtable] GC(4) Cleaned string and symbol table, strings: 11332 processed, 10 removed, symbols: 100247 processed, 24 removed
[2023-12-12T19:16:35.466+0000][gc            ] GC(4) Pause Remark 139M->139M(1024M) 1.669ms
[2023-12-12T19:16:35.466+0000][gc,cpu        ] GC(4) User=0.01s Sys=0.00s Real=0.00s
[2023-12-12T19:16:35.466+0000][gc,marking    ] GC(4) Concurrent Rebuild Remembered Sets
[2023-12-12T19:16:35.468+0000][gc,marking    ] GC(4) Concurrent Rebuild Remembered Sets 1.379ms
[2023-12-12T19:16:35.468+0000][gc,start      ] GC(4) Pause Cleanup
[2023-12-12T19:16:35.468+0000][gc            ] GC(4) Pause Cleanup 139M->139M(1024M) 0.281ms
[2023-12-12T19:16:35.468+0000][gc,cpu        ] GC(4) User=0.00s Sys=0.00s Real=0.00s
[2023-12-12T19:16:35.468+0000][gc,marking    ] GC(4) Concurrent Cleanup for Next Mark
[2023-12-12T19:16:35.471+0000][gc,marking    ] GC(4) Concurrent Cleanup for Next Mark 2.087ms
[2023-12-12T19:16:35.471+0000][gc            ] GC(4) Concurrent Cycle 11.710ms
[2023-12-12T19:16:36.104+0000][gc,start      ] GC(5) Pause Young (Normal) (G1 Evacuation Pause)
[2023-12-12T19:16:36.104+0000][gc,task       ] GC(5) Using 13 workers of 13 for evacuation
[2023-12-12T19:16:36.120+0000][gc,phases     ] GC(5)   Pre Evacuate Collection Set: 0.1ms
[2023-12-12T19:16:36.120+0000][gc,phases     ] GC(5)   Evacuate Collection Set: 15.2ms
[2023-12-12T19:16:36.120+0000][gc,phases     ] GC(5)   Post Evacuate Collection Set: 0.5ms
[2023-12-12T19:16:36.121+0000][gc,phases     ] GC(5)   Other: 0.6ms
[2023-12-12T19:16:36.121+0000][gc,heap       ] GC(5) Eden regions: 48->0(44)
[2023-12-12T19:16:36.121+0000][gc,heap       ] GC(5) Survivor regions: 3->7(7)
[2023-12-12T19:16:36.121+0000][gc,heap       ] GC(5) Old regions: 8->8
[2023-12-12T19:16:36.121+0000][gc,heap       ] GC(5) Humongous regions: 129->129
[2023-12-12T19:16:36.121+0000][gc,metaspace  ] GC(5) Metaspace: 43247K(44752K)->43247K(44752K) NonClass: 38481K(39248K)->38481K(39248K) Class: 4765K(5504K)->4765K(5504K)
[2023-12-12T19:16:36.121+0000][gc            ] GC(5) Pause Young (Normal) (G1 Evacuation Pause) 186M->143M(1024M) 17.810ms
[2023-12-12T19:16:36.122+0000][gc,cpu        ] GC(5) User=0.08s Sys=0.12s Real=0.01s
[2023-12-12T19:34:49.855+0000][gc,start      ] GC(6) Pause Young (Normal) (G1 Evacuation Pause)
[2023-12-12T19:34:49.855+0000][gc,task       ] GC(6) Using 13 workers of 13 for evacuation
[2023-12-12T19:34:49.862+0000][gc,phases     ] GC(6)   Pre Evacuate Collection Set: 0.1ms
[2023-12-12T19:34:49.863+0000][gc,phases     ] GC(6)   Evacuate Collection Set: 6.0ms
[2023-12-12T19:34:49.863+0000][gc,phases     ] GC(6)   Post Evacuate Collection Set: 0.9ms
[2023-12-12T19:34:49.863+0000][gc,phases     ] GC(6)   Other: 0.7ms
[2023-12-12T19:34:49.863+0000][gc,heap       ] GC(6) Eden regions: 44->0(49)
[2023-12-12T19:34:49.863+0000][gc,heap       ] GC(6) Survivor regions: 7->2(7)
[2023-12-12T19:34:49.863+0000][gc,heap       ] GC(6) Old regions: 8->13
[2023-12-12T19:34:49.864+0000][gc,heap       ] GC(6) Humongous regions: 129->0
[2023-12-12T19:34:49.864+0000][gc,metaspace  ] GC(6) Metaspace: 48610K(50896K)->48610K(50896K) NonClass: 42753K(43856K)->42753K(43856K) Class: 5857K(7040K)->5857K(7040K)
[2023-12-12T19:34:49.864+0000][gc            ] GC(6) Pause Young (Normal) (G1 Evacuation Pause) 187M->14M(1024M) 9.434ms
[2023-12-12T19:34:49.864+0000][gc,cpu        ] GC(6) User=0.07s Sys=0.02s Real=0.01s
[2023-12-12T19:34:49.874+0000][gc,heap,exit  ] Heap
[2023-12-12T19:34:49.874+0000][gc,heap,exit  ]  garbage-first heap   total 1048576K, used 16791K [0x00000000c0000000, 0x0000000100000000)
[2023-12-12T19:34:49.874+0000][gc,heap,exit  ]   region size 1024K, 5 young (5120K), 2 survivors (2048K)
[2023-12-12T19:34:49.875+0000][gc,heap,exit  ]  Metaspace       used 48648K, capacity 50849K, committed 51152K, reserved 1093632K
[2023-12-12T19:34:49.875+0000][gc,heap,exit  ]   class space    used 5867K, capacity 6984K, committed 7040K, reserved 1048576K
