[2023-12-12T00:42:20.324+0000][gc,heap] Heap region size: 1M
[2023-12-12T00:42:20.332+0000][gc     ] Using G1
[2023-12-12T00:42:20.332+0000][gc,heap,coops] Heap address: 0x00000000c0000000, size: 1024 MB, Compressed Oops mode: 32-bit
[2023-12-12T00:42:21.396+0000][gc,start     ] GC(0) Pause Young (Concurrent Start) (Metadata GC Threshold)
[2023-12-12T00:42:21.398+0000][gc,task      ] GC(0) Using 13 workers of 13 for evacuation
[2023-12-12T00:42:21.410+0000][gc,phases    ] GC(0)   Pre Evacuate Collection Set: 0.0ms
[2023-12-12T00:42:21.410+0000][gc,phases    ] GC(0)   Evacuate Collection Set: 10.6ms
[2023-12-12T00:42:21.411+0000][gc,phases    ] GC(0)   Post Evacuate Collection Set: 0.5ms
[2023-12-12T00:42:21.411+0000][gc,phases    ] GC(0)   Other: 2.5ms
[2023-12-12T00:42:21.411+0000][gc,heap      ] GC(0) Eden regions: 49->0(44)
[2023-12-12T00:42:21.411+0000][gc,heap      ] GC(0) Survivor regions: 0->7(7)
[2023-12-12T00:42:21.411+0000][gc,heap      ] GC(0) Old regions: 0->1
[2023-12-12T00:42:21.411+0000][gc,heap      ] GC(0) Humongous regions: 0->0
[2023-12-12T00:42:21.411+0000][gc,metaspace ] GC(0) Metaspace: 20764K(21296K)->20764K(21296K) NonClass: 18571K(18864K)->18571K(18864K) Class: 2193K(2432K)->2193K(2432K)
[2023-12-12T00:42:21.411+0000][gc           ] GC(0) Pause Young (Concurrent Start) (Metadata GC Threshold) 48M->7M(1024M) 15.311ms
[2023-12-12T00:42:21.412+0000][gc,cpu       ] GC(0) User=0.05s Sys=0.03s Real=0.01s
[2023-12-12T00:42:21.412+0000][gc           ] GC(1) Concurrent Cycle
[2023-12-12T00:42:21.412+0000][gc,marking   ] GC(1) Concurrent Clear Claimed Marks
[2023-12-12T00:42:21.412+0000][gc,marking   ] GC(1) Concurrent Clear Claimed Marks 0.292ms
[2023-12-12T00:42:21.412+0000][gc,marking   ] GC(1) Concurrent Scan Root Regions
[2023-12-12T00:42:21.414+0000][gc,marking   ] GC(1) Concurrent Scan Root Regions 1.319ms
[2023-12-12T00:42:21.414+0000][gc,marking   ] GC(1) Concurrent Mark (1.095s)
[2023-12-12T00:42:21.414+0000][gc,marking   ] GC(1) Concurrent Mark From Roots
[2023-12-12T00:42:21.414+0000][gc,task      ] GC(1) Using 3 workers of 3 for marking
[2023-12-12T00:42:21.415+0000][gc,marking   ] GC(1) Concurrent Mark From Roots 0.648ms
[2023-12-12T00:42:21.415+0000][gc,marking   ] GC(1) Concurrent Preclean
[2023-12-12T00:42:21.415+0000][gc,marking   ] GC(1) Concurrent Preclean 0.232ms
[2023-12-12T00:42:21.415+0000][gc,marking   ] GC(1) Concurrent Mark (1.095s, 1.096s) 1.394ms
[2023-12-12T00:42:21.416+0000][gc,start     ] GC(1) Pause Remark
[2023-12-12T00:42:21.417+0000][gc,stringtable] GC(1) Cleaned string and symbol table, strings: 7937 processed, 0 removed, symbols: 66384 processed, 31 removed
[2023-12-12T00:42:21.417+0000][gc            ] GC(1) Pause Remark 7M->7M(1024M) 1.675ms
[2023-12-12T00:42:21.418+0000][gc,cpu        ] GC(1) User=0.00s Sys=0.00s Real=0.00s
[2023-12-12T00:42:21.418+0000][gc,marking    ] GC(1) Concurrent Rebuild Remembered Sets
[2023-12-12T00:42:21.418+0000][gc,marking    ] GC(1) Concurrent Rebuild Remembered Sets 0.424ms
[2023-12-12T00:42:21.418+0000][gc,start      ] GC(1) Pause Cleanup
[2023-12-12T00:42:21.419+0000][gc            ] GC(1) Pause Cleanup 7M->7M(1024M) 0.351ms
[2023-12-12T00:42:21.419+0000][gc,cpu        ] GC(1) User=0.01s Sys=0.00s Real=0.00s
[2023-12-12T00:42:21.419+0000][gc,marking    ] GC(1) Concurrent Cleanup for Next Mark
[2023-12-12T00:42:21.425+0000][gc,marking    ] GC(1) Concurrent Cleanup for Next Mark 5.939ms
[2023-12-12T00:42:21.425+0000][gc            ] GC(1) Concurrent Cycle 13.638ms
[2023-12-12T00:42:22.194+0000][gc,start      ] GC(2) Pause Young (Normal) (G1 Evacuation Pause)
[2023-12-12T00:42:22.194+0000][gc,task       ] GC(2) Using 13 workers of 13 for evacuation
[2023-12-12T00:42:22.201+0000][gc,phases     ] GC(2)   Pre Evacuate Collection Set: 0.0ms
[2023-12-12T00:42:22.202+0000][gc,phases     ] GC(2)   Evacuate Collection Set: 6.1ms
[2023-12-12T00:42:22.202+0000][gc,phases     ] GC(2)   Post Evacuate Collection Set: 0.6ms
[2023-12-12T00:42:22.202+0000][gc,phases     ] GC(2)   Other: 0.4ms
[2023-12-12T00:42:22.202+0000][gc,heap       ] GC(2) Eden regions: 44->0(49)
[2023-12-12T00:42:22.202+0000][gc,heap       ] GC(2) Survivor regions: 7->2(7)
[2023-12-12T00:42:22.202+0000][gc,heap       ] GC(2) Old regions: 1->8
[2023-12-12T00:42:22.202+0000][gc,heap       ] GC(2) Humongous regions: 0->0
[2023-12-12T00:42:22.203+0000][gc,metaspace  ] GC(2) Metaspace: 29675K(30640K)->29675K(30640K) NonClass: 26290K(26800K)->26290K(26800K) Class: 3384K(3840K)->3384K(3840K)
[2023-12-12T00:42:22.203+0000][gc            ] GC(2) Pause Young (Normal) (G1 Evacuation Pause) 51M->8M(1024M) 8.502ms
[2023-12-12T00:42:22.203+0000][gc,cpu        ] GC(2) User=0.06s Sys=0.02s Real=0.00s
[2023-12-12T00:42:22.624+0000][gc,start      ] GC(3) Pause Young (Concurrent Start) (Metadata GC Threshold)
[2023-12-12T00:42:22.624+0000][gc,task       ] GC(3) Using 13 workers of 13 for evacuation
[2023-12-12T00:42:22.626+0000][gc,phases     ] GC(3)   Pre Evacuate Collection Set: 0.1ms
[2023-12-12T00:42:22.626+0000][gc,phases     ] GC(3)   Evacuate Collection Set: 1.3ms
[2023-12-12T00:42:22.626+0000][gc,phases     ] GC(3)   Post Evacuate Collection Set: 0.3ms
[2023-12-12T00:42:22.626+0000][gc,phases     ] GC(3)   Other: 0.4ms
[2023-12-12T00:42:22.626+0000][gc,heap       ] GC(3) Eden regions: 28->0(48)
[2023-12-12T00:42:22.626+0000][gc,heap       ] GC(3) Survivor regions: 2->3(7)
[2023-12-12T00:42:22.627+0000][gc,heap       ] GC(3) Old regions: 8->8
[2023-12-12T00:42:22.627+0000][gc,heap       ] GC(3) Humongous regions: 129->129
[2023-12-12T00:42:22.627+0000][gc,metaspace  ] GC(3) Metaspace: 34882K(35920K)->34882K(35920K) NonClass: 31020K(31568K)->31020K(31568K) Class: 3861K(4352K)->3861K(4352K)
[2023-12-12T00:42:22.627+0000][gc            ] GC(3) Pause Young (Concurrent Start) (Metadata GC Threshold) 165M->138M(1024M) 3.326ms
[2023-12-12T00:42:22.627+0000][gc,cpu        ] GC(3) User=0.01s Sys=0.00s Real=0.00s
[2023-12-12T00:42:22.627+0000][gc            ] GC(4) Concurrent Cycle
[2023-12-12T00:42:22.627+0000][gc,marking    ] GC(4) Concurrent Clear Claimed Marks
[2023-12-12T00:42:22.628+0000][gc,marking    ] GC(4) Concurrent Clear Claimed Marks 0.152ms
[2023-12-12T00:42:22.628+0000][gc,marking    ] GC(4) Concurrent Scan Root Regions
[2023-12-12T00:42:22.628+0000][gc,marking    ] GC(4) Concurrent Scan Root Regions 0.752ms
[2023-12-12T00:42:22.629+0000][gc,marking    ] GC(4) Concurrent Mark (2.310s)
[2023-12-12T00:42:22.629+0000][gc,marking    ] GC(4) Concurrent Mark From Roots
[2023-12-12T00:42:22.629+0000][gc,task       ] GC(4) Using 3 workers of 3 for marking
[2023-12-12T00:42:22.631+0000][gc,marking    ] GC(4) Concurrent Mark From Roots 2.276ms
[2023-12-12T00:42:22.631+0000][gc,marking    ] GC(4) Concurrent Preclean
[2023-12-12T00:42:22.631+0000][gc,marking    ] GC(4) Concurrent Preclean 0.187ms
[2023-12-12T00:42:22.632+0000][gc,marking    ] GC(4) Concurrent Mark (2.310s, 2.313s) 2.939ms
[2023-12-12T00:42:22.632+0000][gc,start      ] GC(4) Pause Remark
[2023-12-12T00:42:22.633+0000][gc,stringtable] GC(4) Cleaned string and symbol table, strings: 11337 processed, 10 removed, symbols: 100188 processed, 24 removed
[2023-12-12T00:42:22.634+0000][gc            ] GC(4) Pause Remark 139M->139M(1024M) 1.670ms
[2023-12-12T00:42:22.634+0000][gc,cpu        ] GC(4) User=0.01s Sys=0.00s Real=0.01s
[2023-12-12T00:42:22.634+0000][gc,marking    ] GC(4) Concurrent Rebuild Remembered Sets
[2023-12-12T00:42:22.635+0000][gc,marking    ] GC(4) Concurrent Rebuild Remembered Sets 1.339ms
[2023-12-12T00:42:22.636+0000][gc,start      ] GC(4) Pause Cleanup
[2023-12-12T00:42:22.636+0000][gc            ] GC(4) Pause Cleanup 139M->139M(1024M) 0.312ms
[2023-12-12T00:42:22.636+0000][gc,cpu        ] GC(4) User=0.00s Sys=0.00s Real=0.00s
[2023-12-12T00:42:22.636+0000][gc,marking    ] GC(4) Concurrent Cleanup for Next Mark
[2023-12-12T00:42:22.640+0000][gc,marking    ] GC(4) Concurrent Cleanup for Next Mark 3.643ms
[2023-12-12T00:42:22.640+0000][gc            ] GC(4) Concurrent Cycle 12.812ms
[2023-12-12T00:42:23.152+0000][gc,start      ] GC(5) Pause Young (Normal) (G1 Evacuation Pause)
[2023-12-12T00:42:23.152+0000][gc,task       ] GC(5) Using 13 workers of 13 for evacuation
[2023-12-12T00:42:23.160+0000][gc,phases     ] GC(5)   Pre Evacuate Collection Set: 0.0ms
[2023-12-12T00:42:23.160+0000][gc,phases     ] GC(5)   Evacuate Collection Set: 6.5ms
[2023-12-12T00:42:23.160+0000][gc,phases     ] GC(5)   Post Evacuate Collection Set: 0.7ms
[2023-12-12T00:42:23.160+0000][gc,phases     ] GC(5)   Other: 0.5ms
[2023-12-12T00:42:23.160+0000][gc,heap       ] GC(5) Eden regions: 48->0(44)
[2023-12-12T00:42:23.161+0000][gc,heap       ] GC(5) Survivor regions: 3->7(7)
[2023-12-12T00:42:23.161+0000][gc,heap       ] GC(5) Old regions: 8->8
[2023-12-12T00:42:23.161+0000][gc,heap       ] GC(5) Humongous regions: 129->129
[2023-12-12T00:42:23.161+0000][gc,metaspace  ] GC(5) Metaspace: 43155K(44752K)->43155K(44752K) NonClass: 38385K(39248K)->38385K(39248K) Class: 4769K(5504K)->4769K(5504K)
[2023-12-12T00:42:23.161+0000][gc            ] GC(5) Pause Young (Normal) (G1 Evacuation Pause) 186M->143M(1024M) 9.155ms
[2023-12-12T00:42:23.161+0000][gc,cpu        ] GC(5) User=0.09s Sys=0.00s Real=0.01s
[2023-12-12T00:53:36.474+0000][gc,heap,exit  ] Heap
[2023-12-12T00:53:36.474+0000][gc,heap,exit  ]  garbage-first heap   total 1048576K, used 187457K [0x00000000c0000000, 0x0000000100000000)
[2023-12-12T00:53:36.474+0000][gc,heap,exit  ]   region size 1024K, 49 young (50176K), 7 survivors (7168K)
[2023-12-12T00:53:36.474+0000][gc,heap,exit  ]  Metaspace       used 48457K, capacity 50691K, committed 50896K, reserved 1093632K
[2023-12-12T00:53:36.475+0000][gc,heap,exit  ]   class space    used 5877K, capacity 6999K, committed 7040K, reserved 1048576K
