[2023-12-12T15:08:05.354+0000][gc,heap] Heap region size: 1M
[2023-12-12T15:08:05.358+0000][gc     ] Using G1
[2023-12-12T15:08:05.359+0000][gc,heap,coops] Heap address: 0x00000000c0000000, size: 1024 MB, Compressed Oops mode: 32-bit
[2023-12-12T15:08:06.352+0000][gc,start     ] GC(0) Pause Young (Concurrent Start) (Metadata GC Threshold)
[2023-12-12T15:08:06.353+0000][gc,task      ] GC(0) Using 13 workers of 13 for evacuation
[2023-12-12T15:08:06.361+0000][gc,phases    ] GC(0)   Pre Evacuate Collection Set: 0.0ms
[2023-12-12T15:08:06.361+0000][gc,phases    ] GC(0)   Evacuate Collection Set: 6.8ms
[2023-12-12T15:08:06.361+0000][gc,phases    ] GC(0)   Post Evacuate Collection Set: 0.5ms
[2023-12-12T15:08:06.362+0000][gc,phases    ] GC(0)   Other: 1.4ms
[2023-12-12T15:08:06.362+0000][gc,heap      ] GC(0) Eden regions: 48->0(44)
[2023-12-12T15:08:06.362+0000][gc,heap      ] GC(0) Survivor regions: 0->7(7)
[2023-12-12T15:08:06.362+0000][gc,heap      ] GC(0) Old regions: 0->1
[2023-12-12T15:08:06.362+0000][gc,heap      ] GC(0) Humongous regions: 0->0
[2023-12-12T15:08:06.362+0000][gc,metaspace ] GC(0) Metaspace: 20764K(21296K)->20764K(21296K) NonClass: 18571K(18864K)->18571K(18864K) Class: 2193K(2432K)->2193K(2432K)
[2023-12-12T15:08:06.362+0000][gc           ] GC(0) Pause Young (Concurrent Start) (Metadata GC Threshold) 47M->7M(1024M) 10.103ms
[2023-12-12T15:08:06.362+0000][gc,cpu       ] GC(0) User=0.04s Sys=0.02s Real=0.01s
[2023-12-12T15:08:06.362+0000][gc           ] GC(1) Concurrent Cycle
[2023-12-12T15:08:06.363+0000][gc,marking   ] GC(1) Concurrent Clear Claimed Marks
[2023-12-12T15:08:06.363+0000][gc,marking   ] GC(1) Concurrent Clear Claimed Marks 0.229ms
[2023-12-12T15:08:06.363+0000][gc,marking   ] GC(1) Concurrent Scan Root Regions
[2023-12-12T15:08:06.365+0000][gc,marking   ] GC(1) Concurrent Scan Root Regions 1.456ms
[2023-12-12T15:08:06.365+0000][gc,marking   ] GC(1) Concurrent Mark (1.062s)
[2023-12-12T15:08:06.365+0000][gc,marking   ] GC(1) Concurrent Mark From Roots
[2023-12-12T15:08:06.365+0000][gc,task      ] GC(1) Using 3 workers of 3 for marking
[2023-12-12T15:08:06.366+0000][gc,marking   ] GC(1) Concurrent Mark From Roots 0.737ms
[2023-12-12T15:08:06.366+0000][gc,marking   ] GC(1) Concurrent Preclean
[2023-12-12T15:08:06.366+0000][gc,marking   ] GC(1) Concurrent Preclean 0.200ms
[2023-12-12T15:08:06.366+0000][gc,marking   ] GC(1) Concurrent Mark (1.062s, 1.063s) 1.455ms
[2023-12-12T15:08:06.367+0000][gc,start     ] GC(1) Pause Remark
[2023-12-12T15:08:06.368+0000][gc,stringtable] GC(1) Cleaned string and symbol table, strings: 7931 processed, 0 removed, symbols: 66390 processed, 31 removed
[2023-12-12T15:08:06.368+0000][gc            ] GC(1) Pause Remark 7M->7M(1024M) 1.652ms
[2023-12-12T15:08:06.369+0000][gc,cpu        ] GC(1) User=0.00s Sys=0.00s Real=0.00s
[2023-12-12T15:08:06.369+0000][gc,marking    ] GC(1) Concurrent Rebuild Remembered Sets
[2023-12-12T15:08:06.369+0000][gc,marking    ] GC(1) Concurrent Rebuild Remembered Sets 0.284ms
[2023-12-12T15:08:06.369+0000][gc,start      ] GC(1) Pause Cleanup
[2023-12-12T15:08:06.370+0000][gc            ] GC(1) Pause Cleanup 7M->7M(1024M) 0.419ms
[2023-12-12T15:08:06.370+0000][gc,cpu        ] GC(1) User=0.00s Sys=0.00s Real=0.00s
[2023-12-12T15:08:06.370+0000][gc,marking    ] GC(1) Concurrent Cleanup for Next Mark
[2023-12-12T15:08:06.372+0000][gc,marking    ] GC(1) Concurrent Cleanup for Next Mark 1.563ms
[2023-12-12T15:08:06.372+0000][gc            ] GC(1) Concurrent Cycle 9.519ms
[2023-12-12T15:08:07.061+0000][gc,start      ] GC(2) Pause Young (Normal) (G1 Evacuation Pause)
[2023-12-12T15:08:07.061+0000][gc,task       ] GC(2) Using 13 workers of 13 for evacuation
[2023-12-12T15:08:07.069+0000][gc,phases     ] GC(2)   Pre Evacuate Collection Set: 0.0ms
[2023-12-12T15:08:07.069+0000][gc,phases     ] GC(2)   Evacuate Collection Set: 6.8ms
[2023-12-12T15:08:07.069+0000][gc,phases     ] GC(2)   Post Evacuate Collection Set: 0.5ms
[2023-12-12T15:08:07.069+0000][gc,phases     ] GC(2)   Other: 0.4ms
[2023-12-12T15:08:07.070+0000][gc,heap       ] GC(2) Eden regions: 44->0(49)
[2023-12-12T15:08:07.070+0000][gc,heap       ] GC(2) Survivor regions: 7->2(7)
[2023-12-12T15:08:07.070+0000][gc,heap       ] GC(2) Old regions: 1->8
[2023-12-12T15:08:07.070+0000][gc,heap       ] GC(2) Humongous regions: 0->0
[2023-12-12T15:08:07.070+0000][gc,metaspace  ] GC(2) Metaspace: 29590K(30512K)->29590K(30512K) NonClass: 26222K(26800K)->26222K(26800K) Class: 3368K(3712K)->3368K(3712K)
[2023-12-12T15:08:07.070+0000][gc            ] GC(2) Pause Young (Normal) (G1 Evacuation Pause) 51M->8M(1024M) 9.100ms
[2023-12-12T15:08:07.070+0000][gc,cpu        ] GC(2) User=0.03s Sys=0.06s Real=0.01s
[2023-12-12T15:08:07.402+0000][gc,start      ] GC(3) Pause Young (Concurrent Start) (Metadata GC Threshold)
[2023-12-12T15:08:07.402+0000][gc,task       ] GC(3) Using 13 workers of 13 for evacuation
[2023-12-12T15:08:07.404+0000][gc,phases     ] GC(3)   Pre Evacuate Collection Set: 0.1ms
[2023-12-12T15:08:07.404+0000][gc,phases     ] GC(3)   Evacuate Collection Set: 1.4ms
[2023-12-12T15:08:07.404+0000][gc,phases     ] GC(3)   Post Evacuate Collection Set: 0.3ms
[2023-12-12T15:08:07.405+0000][gc,phases     ] GC(3)   Other: 0.4ms
[2023-12-12T15:08:07.405+0000][gc,heap       ] GC(3) Eden regions: 29->0(48)
[2023-12-12T15:08:07.405+0000][gc,heap       ] GC(3) Survivor regions: 2->3(7)
[2023-12-12T15:08:07.405+0000][gc,heap       ] GC(3) Old regions: 8->8
[2023-12-12T15:08:07.405+0000][gc,heap       ] GC(3) Humongous regions: 129->129
[2023-12-12T15:08:07.405+0000][gc,metaspace  ] GC(3) Metaspace: 34939K(35920K)->34939K(35920K) NonClass: 31083K(31568K)->31083K(31568K) Class: 3855K(4352K)->3855K(4352K)
[2023-12-12T15:08:07.405+0000][gc            ] GC(3) Pause Young (Concurrent Start) (Metadata GC Threshold) 166M->138M(1024M) 3.568ms
[2023-12-12T15:08:07.406+0000][gc,cpu        ] GC(3) User=0.01s Sys=0.00s Real=0.01s
[2023-12-12T15:08:07.406+0000][gc            ] GC(4) Concurrent Cycle
[2023-12-12T15:08:07.406+0000][gc,marking    ] GC(4) Concurrent Clear Claimed Marks
[2023-12-12T15:08:07.406+0000][gc,marking    ] GC(4) Concurrent Clear Claimed Marks 0.137ms
[2023-12-12T15:08:07.406+0000][gc,marking    ] GC(4) Concurrent Scan Root Regions
[2023-12-12T15:08:07.407+0000][gc,marking    ] GC(4) Concurrent Scan Root Regions 0.779ms
[2023-12-12T15:08:07.407+0000][gc,marking    ] GC(4) Concurrent Mark (2.104s)
[2023-12-12T15:08:07.407+0000][gc,marking    ] GC(4) Concurrent Mark From Roots
[2023-12-12T15:08:07.407+0000][gc,task       ] GC(4) Using 3 workers of 3 for marking
[2023-12-12T15:08:07.409+0000][gc,marking    ] GC(4) Concurrent Mark From Roots 2.117ms
[2023-12-12T15:08:07.409+0000][gc,marking    ] GC(4) Concurrent Preclean
[2023-12-12T15:08:07.410+0000][gc,marking    ] GC(4) Concurrent Preclean 0.179ms
[2023-12-12T15:08:07.410+0000][gc,marking    ] GC(4) Concurrent Mark (2.104s, 2.107s) 2.741ms
[2023-12-12T15:08:07.410+0000][gc,start      ] GC(4) Pause Remark
[2023-12-12T15:08:07.411+0000][gc,stringtable] GC(4) Cleaned string and symbol table, strings: 11348 processed, 10 removed, symbols: 100225 processed, 24 removed
[2023-12-12T15:08:07.412+0000][gc            ] GC(4) Pause Remark 139M->139M(1024M) 1.772ms
[2023-12-12T15:08:07.412+0000][gc,cpu        ] GC(4) User=0.02s Sys=0.00s Real=0.00s
[2023-12-12T15:08:07.412+0000][gc,marking    ] GC(4) Concurrent Rebuild Remembered Sets
[2023-12-12T15:08:07.414+0000][gc,marking    ] GC(4) Concurrent Rebuild Remembered Sets 1.290ms
[2023-12-12T15:08:07.414+0000][gc,start      ] GC(4) Pause Cleanup
[2023-12-12T15:08:07.414+0000][gc            ] GC(4) Pause Cleanup 139M->139M(1024M) 0.326ms
[2023-12-12T15:08:07.414+0000][gc,cpu        ] GC(4) User=0.00s Sys=0.00s Real=0.00s
[2023-12-12T15:08:07.415+0000][gc,marking    ] GC(4) Concurrent Cleanup for Next Mark
[2023-12-12T15:08:07.416+0000][gc,marking    ] GC(4) Concurrent Cleanup for Next Mark 1.753ms
[2023-12-12T15:08:07.417+0000][gc            ] GC(4) Concurrent Cycle 10.944ms
[2023-12-12T15:08:07.930+0000][gc,start      ] GC(5) Pause Young (Normal) (G1 Evacuation Pause)
[2023-12-12T15:08:07.931+0000][gc,task       ] GC(5) Using 13 workers of 13 for evacuation
[2023-12-12T15:08:07.935+0000][gc,phases     ] GC(5)   Pre Evacuate Collection Set: 0.0ms
[2023-12-12T15:08:07.935+0000][gc,phases     ] GC(5)   Evacuate Collection Set: 3.4ms
[2023-12-12T15:08:07.935+0000][gc,phases     ] GC(5)   Post Evacuate Collection Set: 0.5ms
[2023-12-12T15:08:07.935+0000][gc,phases     ] GC(5)   Other: 0.5ms
[2023-12-12T15:08:07.936+0000][gc,heap       ] GC(5) Eden regions: 48->0(44)
[2023-12-12T15:08:07.936+0000][gc,heap       ] GC(5) Survivor regions: 3->7(7)
[2023-12-12T15:08:07.936+0000][gc,heap       ] GC(5) Old regions: 8->8
[2023-12-12T15:08:07.936+0000][gc,heap       ] GC(5) Humongous regions: 129->129
[2023-12-12T15:08:07.936+0000][gc,metaspace  ] GC(5) Metaspace: 43336K(45008K)->43336K(45008K) NonClass: 38540K(39504K)->38540K(39504K) Class: 4796K(5504K)->4796K(5504K)
[2023-12-12T15:08:07.936+0000][gc            ] GC(5) Pause Young (Normal) (G1 Evacuation Pause) 186M->143M(1024M) 5.630ms
[2023-12-12T15:08:07.936+0000][gc,cpu        ] GC(5) User=0.01s Sys=0.04s Real=0.01s
[2023-12-12T15:08:12.739+0000][gc,heap,exit  ] Heap
[2023-12-12T15:08:12.739+0000][gc,heap,exit  ]  garbage-first heap   total 1048576K, used 175295K [0x00000000c0000000, 0x0000000100000000)
[2023-12-12T15:08:12.739+0000][gc,heap,exit  ]   region size 1024K, 37 young (37888K), 7 survivors (7168K)
[2023-12-12T15:08:12.739+0000][gc,heap,exit  ]  Metaspace       used 47702K, capacity 49788K, committed 49872K, reserved 1093632K
[2023-12-12T15:08:12.739+0000][gc,heap,exit  ]   class space    used 5726K, capacity 6752K, committed 6784K, reserved 1048576K
