[2023-12-12T14:01:27.121+0000][gc,heap] Heap region size: 1M
[2023-12-12T14:01:27.125+0000][gc     ] Using G1
[2023-12-12T14:01:27.126+0000][gc,heap,coops] Heap address: 0x00000000c0000000, size: 1024 MB, Compressed Oops mode: 32-bit
[2023-12-12T14:01:28.170+0000][gc,start     ] GC(0) Pause Young (Concurrent Start) (Metadata GC Threshold)
[2023-12-12T14:01:28.171+0000][gc,task      ] GC(0) Using 13 workers of 13 for evacuation
[2023-12-12T14:01:28.179+0000][gc,phases    ] GC(0)   Pre Evacuate Collection Set: 0.0ms
[2023-12-12T14:01:28.179+0000][gc,phases    ] GC(0)   Evacuate Collection Set: 7.0ms
[2023-12-12T14:01:28.179+0000][gc,phases    ] GC(0)   Post Evacuate Collection Set: 0.4ms
[2023-12-12T14:01:28.179+0000][gc,phases    ] GC(0)   Other: 1.4ms
[2023-12-12T14:01:28.180+0000][gc,heap      ] GC(0) Eden regions: 48->0(44)
[2023-12-12T14:01:28.180+0000][gc,heap      ] GC(0) Survivor regions: 0->7(7)
[2023-12-12T14:01:28.180+0000][gc,heap      ] GC(0) Old regions: 0->1
[2023-12-12T14:01:28.180+0000][gc,heap      ] GC(0) Humongous regions: 0->0
[2023-12-12T14:01:28.180+0000][gc,metaspace ] GC(0) Metaspace: 20764K(21296K)->20764K(21296K) NonClass: 18571K(18864K)->18571K(18864K) Class: 2193K(2432K)->2193K(2432K)
[2023-12-12T14:01:28.181+0000][gc           ] GC(0) Pause Young (Concurrent Start) (Metadata GC Threshold) 47M->7M(1024M) 10.780ms
[2023-12-12T14:01:28.181+0000][gc,cpu       ] GC(0) User=0.00s Sys=0.05s Real=0.01s
[2023-12-12T14:01:28.181+0000][gc           ] GC(1) Concurrent Cycle
[2023-12-12T14:01:28.181+0000][gc,marking   ] GC(1) Concurrent Clear Claimed Marks
[2023-12-12T14:01:28.182+0000][gc,marking   ] GC(1) Concurrent Clear Claimed Marks 0.358ms
[2023-12-12T14:01:28.182+0000][gc,marking   ] GC(1) Concurrent Scan Root Regions
[2023-12-12T14:01:28.183+0000][gc,marking   ] GC(1) Concurrent Scan Root Regions 1.257ms
[2023-12-12T14:01:28.183+0000][gc,marking   ] GC(1) Concurrent Mark (1.072s)
[2023-12-12T14:01:28.183+0000][gc,marking   ] GC(1) Concurrent Mark From Roots
[2023-12-12T14:01:28.184+0000][gc,task      ] GC(1) Using 3 workers of 3 for marking
[2023-12-12T14:01:28.184+0000][gc,marking   ] GC(1) Concurrent Mark From Roots 0.573ms
[2023-12-12T14:01:28.184+0000][gc,marking   ] GC(1) Concurrent Preclean
[2023-12-12T14:01:28.185+0000][gc,marking   ] GC(1) Concurrent Preclean 0.210ms
[2023-12-12T14:01:28.185+0000][gc,marking   ] GC(1) Concurrent Mark (1.072s, 1.074s) 1.397ms
[2023-12-12T14:01:28.185+0000][gc,start     ] GC(1) Pause Remark
[2023-12-12T14:01:28.186+0000][gc,stringtable] GC(1) Cleaned string and symbol table, strings: 7931 processed, 0 removed, symbols: 66388 processed, 31 removed
[2023-12-12T14:01:28.187+0000][gc            ] GC(1) Pause Remark 7M->7M(1024M) 1.658ms
[2023-12-12T14:01:28.187+0000][gc,cpu        ] GC(1) User=0.00s Sys=0.00s Real=0.00s
[2023-12-12T14:01:28.187+0000][gc,marking    ] GC(1) Concurrent Rebuild Remembered Sets
[2023-12-12T14:01:28.187+0000][gc,marking    ] GC(1) Concurrent Rebuild Remembered Sets 0.406ms
[2023-12-12T14:01:28.188+0000][gc,start      ] GC(1) Pause Cleanup
[2023-12-12T14:01:28.188+0000][gc            ] GC(1) Pause Cleanup 7M->7M(1024M) 0.298ms
[2023-12-12T14:01:28.188+0000][gc,cpu        ] GC(1) User=0.00s Sys=0.00s Real=0.00s
[2023-12-12T14:01:28.188+0000][gc,marking    ] GC(1) Concurrent Cleanup for Next Mark
[2023-12-12T14:01:28.190+0000][gc,marking    ] GC(1) Concurrent Cleanup for Next Mark 1.859ms
[2023-12-12T14:01:28.190+0000][gc            ] GC(1) Concurrent Cycle 9.523ms
[2023-12-12T14:01:28.955+0000][gc,start      ] GC(2) Pause Young (Normal) (G1 Evacuation Pause)
[2023-12-12T14:01:28.955+0000][gc,task       ] GC(2) Using 13 workers of 13 for evacuation
[2023-12-12T14:01:28.963+0000][gc,phases     ] GC(2)   Pre Evacuate Collection Set: 0.0ms
[2023-12-12T14:01:28.963+0000][gc,phases     ] GC(2)   Evacuate Collection Set: 6.9ms
[2023-12-12T14:01:28.963+0000][gc,phases     ] GC(2)   Post Evacuate Collection Set: 0.5ms
[2023-12-12T14:01:28.963+0000][gc,phases     ] GC(2)   Other: 0.3ms
[2023-12-12T14:01:28.964+0000][gc,heap       ] GC(2) Eden regions: 44->0(49)
[2023-12-12T14:01:28.964+0000][gc,heap       ] GC(2) Survivor regions: 7->2(7)
[2023-12-12T14:01:28.964+0000][gc,heap       ] GC(2) Old regions: 1->8
[2023-12-12T14:01:28.964+0000][gc,heap       ] GC(2) Humongous regions: 0->0
[2023-12-12T14:01:28.964+0000][gc,metaspace  ] GC(2) Metaspace: 29664K(30640K)->29664K(30640K) NonClass: 26281K(26800K)->26281K(26800K) Class: 3383K(3840K)->3383K(3840K)
[2023-12-12T14:01:28.964+0000][gc            ] GC(2) Pause Young (Normal) (G1 Evacuation Pause) 51M->8M(1024M) 9.207ms
[2023-12-12T14:01:28.964+0000][gc,cpu        ] GC(2) User=0.07s Sys=0.01s Real=0.01s
[2023-12-12T14:01:29.364+0000][gc,start      ] GC(3) Pause Young (Concurrent Start) (Metadata GC Threshold)
[2023-12-12T14:01:29.364+0000][gc,task       ] GC(3) Using 13 workers of 13 for evacuation
[2023-12-12T14:01:29.366+0000][gc,phases     ] GC(3)   Pre Evacuate Collection Set: 0.1ms
[2023-12-12T14:01:29.367+0000][gc,phases     ] GC(3)   Evacuate Collection Set: 1.4ms
[2023-12-12T14:01:29.367+0000][gc,phases     ] GC(3)   Post Evacuate Collection Set: 0.3ms
[2023-12-12T14:01:29.367+0000][gc,phases     ] GC(3)   Other: 0.6ms
[2023-12-12T14:01:29.367+0000][gc,heap       ] GC(3) Eden regions: 28->0(48)
[2023-12-12T14:01:29.367+0000][gc,heap       ] GC(3) Survivor regions: 2->3(7)
[2023-12-12T14:01:29.367+0000][gc,heap       ] GC(3) Old regions: 8->8
[2023-12-12T14:01:29.367+0000][gc,heap       ] GC(3) Humongous regions: 129->129
[2023-12-12T14:01:29.368+0000][gc,metaspace  ] GC(3) Metaspace: 34942K(35920K)->34942K(35920K) NonClass: 31077K(31568K)->31077K(31568K) Class: 3865K(4352K)->3865K(4352K)
[2023-12-12T14:01:29.368+0000][gc            ] GC(3) Pause Young (Concurrent Start) (Metadata GC Threshold) 165M->139M(1024M) 3.535ms
[2023-12-12T14:01:29.368+0000][gc,cpu        ] GC(3) User=0.01s Sys=0.00s Real=0.00s
[2023-12-12T14:01:29.368+0000][gc            ] GC(4) Concurrent Cycle
[2023-12-12T14:01:29.368+0000][gc,marking    ] GC(4) Concurrent Clear Claimed Marks
[2023-12-12T14:01:29.368+0000][gc,marking    ] GC(4) Concurrent Clear Claimed Marks 0.150ms
[2023-12-12T14:01:29.368+0000][gc,marking    ] GC(4) Concurrent Scan Root Regions
[2023-12-12T14:01:29.369+0000][gc,marking    ] GC(4) Concurrent Scan Root Regions 0.966ms
[2023-12-12T14:01:29.370+0000][gc,marking    ] GC(4) Concurrent Mark (2.259s)
[2023-12-12T14:01:29.370+0000][gc,marking    ] GC(4) Concurrent Mark From Roots
[2023-12-12T14:01:29.370+0000][gc,task       ] GC(4) Using 3 workers of 3 for marking
[2023-12-12T14:01:29.372+0000][gc,marking    ] GC(4) Concurrent Mark From Roots 2.153ms
[2023-12-12T14:01:29.372+0000][gc,marking    ] GC(4) Concurrent Preclean
[2023-12-12T14:01:29.372+0000][gc,marking    ] GC(4) Concurrent Preclean 0.150ms
[2023-12-12T14:01:29.372+0000][gc,marking    ] GC(4) Concurrent Mark (2.259s, 2.261s) 2.661ms
[2023-12-12T14:01:29.373+0000][gc,start      ] GC(4) Pause Remark
[2023-12-12T14:01:29.374+0000][gc,stringtable] GC(4) Cleaned string and symbol table, strings: 11345 processed, 10 removed, symbols: 100217 processed, 24 removed
[2023-12-12T14:01:29.374+0000][gc            ] GC(4) Pause Remark 139M->139M(1024M) 1.646ms
[2023-12-12T14:01:29.374+0000][gc,cpu        ] GC(4) User=0.01s Sys=0.00s Real=0.01s
[2023-12-12T14:01:29.375+0000][gc,marking    ] GC(4) Concurrent Rebuild Remembered Sets
[2023-12-12T14:01:29.376+0000][gc,marking    ] GC(4) Concurrent Rebuild Remembered Sets 1.324ms
[2023-12-12T14:01:29.376+0000][gc,start      ] GC(4) Pause Cleanup
[2023-12-12T14:01:29.377+0000][gc            ] GC(4) Pause Cleanup 139M->139M(1024M) 0.384ms
[2023-12-12T14:01:29.377+0000][gc,cpu        ] GC(4) User=0.00s Sys=0.00s Real=0.00s
[2023-12-12T14:01:29.377+0000][gc,marking    ] GC(4) Concurrent Cleanup for Next Mark
[2023-12-12T14:01:29.380+0000][gc,marking    ] GC(4) Concurrent Cleanup for Next Mark 2.671ms
[2023-12-12T14:01:29.380+0000][gc            ] GC(4) Concurrent Cycle 11.989ms
[2023-12-12T14:01:29.972+0000][gc,heap,exit  ] Heap
[2023-12-12T14:01:29.972+0000][gc,heap,exit  ]  garbage-first heap   total 1048576K, used 180311K [0x00000000c0000000, 0x0000000100000000)
[2023-12-12T14:01:29.972+0000][gc,heap,exit  ]   region size 1024K, 42 young (43008K), 3 survivors (3072K)
[2023-12-12T14:01:29.972+0000][gc,heap,exit  ]  Metaspace       used 40248K, capacity 41555K, committed 41680K, reserved 1085440K
[2023-12-12T14:01:29.973+0000][gc,heap,exit  ]   class space    used 4607K, capacity 5206K, committed 5248K, reserved 1048576K
