[2023-12-12T14:30:55.422+0000][gc,heap] Heap region size: 1M
[2023-12-12T14:30:55.427+0000][gc     ] Using G1
[2023-12-12T14:30:55.427+0000][gc,heap,coops] Heap address: 0x00000000c0000000, size: 1024 MB, Compressed Oops mode: 32-bit
[2023-12-12T14:30:56.404+0000][gc,start     ] GC(0) Pause Young (Concurrent Start) (Metadata GC Threshold)
[2023-12-12T14:30:56.405+0000][gc,task      ] GC(0) Using 13 workers of 13 for evacuation
[2023-12-12T14:30:56.413+0000][gc,phases    ] GC(0)   Pre Evacuate Collection Set: 0.0ms
[2023-12-12T14:30:56.413+0000][gc,phases    ] GC(0)   Evacuate Collection Set: 7.2ms
[2023-12-12T14:30:56.413+0000][gc,phases    ] GC(0)   Post Evacuate Collection Set: 0.5ms
[2023-12-12T14:30:56.414+0000][gc,phases    ] GC(0)   Other: 1.4ms
[2023-12-12T14:30:56.414+0000][gc,heap      ] GC(0) Eden regions: 48->0(44)
[2023-12-12T14:30:56.414+0000][gc,heap      ] GC(0) Survivor regions: 0->7(7)
[2023-12-12T14:30:56.414+0000][gc,heap      ] GC(0) Old regions: 0->1
[2023-12-12T14:30:56.414+0000][gc,heap      ] GC(0) Humongous regions: 0->0
[2023-12-12T14:30:56.414+0000][gc,metaspace ] GC(0) Metaspace: 20766K(21296K)->20766K(21296K) NonClass: 18570K(18864K)->18570K(18864K) Class: 2195K(2432K)->2195K(2432K)
[2023-12-12T14:30:56.414+0000][gc           ] GC(0) Pause Young (Concurrent Start) (Metadata GC Threshold) 47M->7M(1024M) 10.790ms
[2023-12-12T14:30:56.415+0000][gc,cpu       ] GC(0) User=0.05s Sys=0.01s Real=0.01s
[2023-12-12T14:30:56.415+0000][gc           ] GC(1) Concurrent Cycle
[2023-12-12T14:30:56.415+0000][gc,marking   ] GC(1) Concurrent Clear Claimed Marks
[2023-12-12T14:30:56.415+0000][gc,marking   ] GC(1) Concurrent Clear Claimed Marks 0.231ms
[2023-12-12T14:30:56.415+0000][gc,marking   ] GC(1) Concurrent Scan Root Regions
[2023-12-12T14:30:56.417+0000][gc,marking   ] GC(1) Concurrent Scan Root Regions 1.280ms
[2023-12-12T14:30:56.417+0000][gc,marking   ] GC(1) Concurrent Mark (1.026s)
[2023-12-12T14:30:56.417+0000][gc,marking   ] GC(1) Concurrent Mark From Roots
[2023-12-12T14:30:56.417+0000][gc,task      ] GC(1) Using 3 workers of 3 for marking
[2023-12-12T14:30:56.418+0000][gc,marking   ] GC(1) Concurrent Mark From Roots 0.528ms
[2023-12-12T14:30:56.418+0000][gc,marking   ] GC(1) Concurrent Preclean
[2023-12-12T14:30:56.418+0000][gc,marking   ] GC(1) Concurrent Preclean 0.262ms
[2023-12-12T14:30:56.418+0000][gc,marking   ] GC(1) Concurrent Mark (1.026s, 1.028s) 1.395ms
[2023-12-12T14:30:56.419+0000][gc,start     ] GC(1) Pause Remark
[2023-12-12T14:30:56.420+0000][gc,stringtable] GC(1) Cleaned string and symbol table, strings: 7932 processed, 0 removed, symbols: 66391 processed, 31 removed
[2023-12-12T14:30:56.420+0000][gc            ] GC(1) Pause Remark 7M->7M(1024M) 1.509ms
[2023-12-12T14:30:56.420+0000][gc,cpu        ] GC(1) User=0.00s Sys=0.00s Real=0.00s
[2023-12-12T14:30:56.420+0000][gc,marking    ] GC(1) Concurrent Rebuild Remembered Sets
[2023-12-12T14:30:56.421+0000][gc,marking    ] GC(1) Concurrent Rebuild Remembered Sets 0.269ms
[2023-12-12T14:30:56.421+0000][gc,start      ] GC(1) Pause Cleanup
[2023-12-12T14:30:56.421+0000][gc            ] GC(1) Pause Cleanup 7M->7M(1024M) 0.334ms
[2023-12-12T14:30:56.422+0000][gc,cpu        ] GC(1) User=0.00s Sys=0.00s Real=0.00s
[2023-12-12T14:30:56.422+0000][gc,marking    ] GC(1) Concurrent Cleanup for Next Mark
[2023-12-12T14:30:56.423+0000][gc,marking    ] GC(1) Concurrent Cleanup for Next Mark 1.344ms
[2023-12-12T14:30:56.423+0000][gc            ] GC(1) Concurrent Cycle 8.725ms
[2023-12-12T14:30:57.134+0000][gc,start      ] GC(2) Pause Young (Normal) (G1 Evacuation Pause)
[2023-12-12T14:30:57.135+0000][gc,task       ] GC(2) Using 13 workers of 13 for evacuation
[2023-12-12T14:30:57.142+0000][gc,phases     ] GC(2)   Pre Evacuate Collection Set: 0.0ms
[2023-12-12T14:30:57.142+0000][gc,phases     ] GC(2)   Evacuate Collection Set: 6.0ms
[2023-12-12T14:30:57.142+0000][gc,phases     ] GC(2)   Post Evacuate Collection Set: 0.8ms
[2023-12-12T14:30:57.142+0000][gc,phases     ] GC(2)   Other: 0.4ms
[2023-12-12T14:30:57.142+0000][gc,heap       ] GC(2) Eden regions: 44->0(49)
[2023-12-12T14:30:57.143+0000][gc,heap       ] GC(2) Survivor regions: 7->2(7)
[2023-12-12T14:30:57.143+0000][gc,heap       ] GC(2) Old regions: 1->8
[2023-12-12T14:30:57.143+0000][gc,heap       ] GC(2) Humongous regions: 0->0
[2023-12-12T14:30:57.143+0000][gc,metaspace  ] GC(2) Metaspace: 29644K(30512K)->29644K(30512K) NonClass: 26267K(26800K)->26267K(26800K) Class: 3377K(3712K)->3377K(3712K)
[2023-12-12T14:30:57.143+0000][gc            ] GC(2) Pause Young (Normal) (G1 Evacuation Pause) 51M->8M(1024M) 8.718ms
[2023-12-12T14:30:57.143+0000][gc,cpu        ] GC(2) User=0.07s Sys=0.02s Real=0.00s
[2023-12-12T14:30:57.489+0000][gc,start      ] GC(3) Pause Young (Concurrent Start) (Metadata GC Threshold)
[2023-12-12T14:30:57.489+0000][gc,task       ] GC(3) Using 13 workers of 13 for evacuation
[2023-12-12T14:30:57.491+0000][gc,phases     ] GC(3)   Pre Evacuate Collection Set: 0.1ms
[2023-12-12T14:30:57.492+0000][gc,phases     ] GC(3)   Evacuate Collection Set: 1.6ms
[2023-12-12T14:30:57.492+0000][gc,phases     ] GC(3)   Post Evacuate Collection Set: 0.3ms
[2023-12-12T14:30:57.492+0000][gc,phases     ] GC(3)   Other: 0.4ms
[2023-12-12T14:30:57.492+0000][gc,heap       ] GC(3) Eden regions: 28->0(48)
[2023-12-12T14:30:57.492+0000][gc,heap       ] GC(3) Survivor regions: 2->3(7)
[2023-12-12T14:30:57.492+0000][gc,heap       ] GC(3) Old regions: 8->8
[2023-12-12T14:30:57.492+0000][gc,heap       ] GC(3) Humongous regions: 129->129
[2023-12-12T14:30:57.492+0000][gc,metaspace  ] GC(3) Metaspace: 34949K(35920K)->34949K(35920K) NonClass: 31086K(31568K)->31086K(31568K) Class: 3863K(4352K)->3863K(4352K)
[2023-12-12T14:30:57.492+0000][gc            ] GC(3) Pause Young (Concurrent Start) (Metadata GC Threshold) 165M->139M(1024M) 3.499ms
[2023-12-12T14:30:57.493+0000][gc,cpu        ] GC(3) User=0.01s Sys=0.00s Real=0.00s
[2023-12-12T14:30:57.493+0000][gc            ] GC(4) Concurrent Cycle
[2023-12-12T14:30:57.493+0000][gc,marking    ] GC(4) Concurrent Clear Claimed Marks
[2023-12-12T14:30:57.493+0000][gc,marking    ] GC(4) Concurrent Clear Claimed Marks 0.140ms
[2023-12-12T14:30:57.493+0000][gc,marking    ] GC(4) Concurrent Scan Root Regions
[2023-12-12T14:30:57.494+0000][gc,marking    ] GC(4) Concurrent Scan Root Regions 0.898ms
[2023-12-12T14:30:57.494+0000][gc,marking    ] GC(4) Concurrent Mark (2.104s)
[2023-12-12T14:30:57.494+0000][gc,marking    ] GC(4) Concurrent Mark From Roots
[2023-12-12T14:30:57.495+0000][gc,task       ] GC(4) Using 3 workers of 3 for marking
[2023-12-12T14:30:57.496+0000][gc,marking    ] GC(4) Concurrent Mark From Roots 2.116ms
[2023-12-12T14:30:57.497+0000][gc,marking    ] GC(4) Concurrent Preclean
[2023-12-12T14:30:57.497+0000][gc,marking    ] GC(4) Concurrent Preclean 0.192ms
[2023-12-12T14:30:57.497+0000][gc,marking    ] GC(4) Concurrent Mark (2.104s, 2.106s) 2.710ms
[2023-12-12T14:30:57.497+0000][gc,start      ] GC(4) Pause Remark
[2023-12-12T14:30:57.499+0000][gc,stringtable] GC(4) Cleaned string and symbol table, strings: 11329 processed, 10 removed, symbols: 100247 processed, 24 removed
[2023-12-12T14:30:57.499+0000][gc            ] GC(4) Pause Remark 139M->139M(1024M) 1.734ms
[2023-12-12T14:30:57.499+0000][gc,cpu        ] GC(4) User=0.01s Sys=0.00s Real=0.00s
[2023-12-12T14:30:57.499+0000][gc,marking    ] GC(4) Concurrent Rebuild Remembered Sets
[2023-12-12T14:30:57.501+0000][gc,marking    ] GC(4) Concurrent Rebuild Remembered Sets 1.277ms
[2023-12-12T14:30:57.501+0000][gc,start      ] GC(4) Pause Cleanup
[2023-12-12T14:30:57.501+0000][gc            ] GC(4) Pause Cleanup 140M->140M(1024M) 0.274ms
[2023-12-12T14:30:57.501+0000][gc,cpu        ] GC(4) User=0.00s Sys=0.00s Real=0.00s
[2023-12-12T14:30:57.502+0000][gc,marking    ] GC(4) Concurrent Cleanup for Next Mark
[2023-12-12T14:30:57.505+0000][gc,marking    ] GC(4) Concurrent Cleanup for Next Mark 3.128ms
[2023-12-12T14:30:57.505+0000][gc            ] GC(4) Concurrent Cycle 12.328ms
[2023-12-12T14:30:57.987+0000][gc,start      ] GC(5) Pause Young (Normal) (G1 Evacuation Pause)
[2023-12-12T14:30:57.987+0000][gc,task       ] GC(5) Using 13 workers of 13 for evacuation
[2023-12-12T14:30:57.996+0000][gc,phases     ] GC(5)   Pre Evacuate Collection Set: 0.0ms
[2023-12-12T14:30:57.996+0000][gc,phases     ] GC(5)   Evacuate Collection Set: 7.7ms
[2023-12-12T14:30:57.996+0000][gc,phases     ] GC(5)   Post Evacuate Collection Set: 0.4ms
[2023-12-12T14:30:57.997+0000][gc,phases     ] GC(5)   Other: 0.6ms
[2023-12-12T14:30:57.997+0000][gc,heap       ] GC(5) Eden regions: 48->0(44)
[2023-12-12T14:30:57.997+0000][gc,heap       ] GC(5) Survivor regions: 3->7(7)
[2023-12-12T14:30:57.997+0000][gc,heap       ] GC(5) Old regions: 8->8
[2023-12-12T14:30:57.998+0000][gc,heap       ] GC(5) Humongous regions: 129->129
[2023-12-12T14:30:57.998+0000][gc,metaspace  ] GC(5) Metaspace: 43394K(45008K)->43394K(45008K) NonClass: 38584K(39504K)->38584K(39504K) Class: 4809K(5504K)->4809K(5504K)
[2023-12-12T14:30:57.998+0000][gc            ] GC(5) Pause Young (Normal) (G1 Evacuation Pause) 187M->143M(1024M) 10.721ms
[2023-12-12T14:30:57.998+0000][gc,cpu        ] GC(5) User=0.04s Sys=0.05s Real=0.01s
[2023-12-12T14:45:36.033+0000][gc,heap,exit  ] Heap
[2023-12-12T14:45:36.033+0000][gc,heap,exit  ]  garbage-first heap   total 1048576K, used 188646K [0x00000000c0000000, 0x0000000100000000)
[2023-12-12T14:45:36.033+0000][gc,heap,exit  ]   region size 1024K, 50 young (51200K), 7 survivors (7168K)
[2023-12-12T14:45:36.033+0000][gc,heap,exit  ]  Metaspace       used 48488K, capacity 50751K, committed 50896K, reserved 1093632K
[2023-12-12T14:45:36.033+0000][gc,heap,exit  ]   class space    used 5876K, capacity 6999K, committed 7040K, reserved 1048576K
