[2023-12-12T15:07:06.350+0000][gc,heap] Heap region size: 1M
[2023-12-12T15:07:06.355+0000][gc     ] Using G1
[2023-12-12T15:07:06.356+0000][gc,heap,coops] Heap address: 0x00000000c0000000, size: 1024 MB, Compressed Oops mode: 32-bit
[2023-12-12T15:07:07.317+0000][gc,start     ] GC(0) Pause Young (Concurrent Start) (Metadata GC Threshold)
[2023-12-12T15:07:07.318+0000][gc,task      ] GC(0) Using 13 workers of 13 for evacuation
[2023-12-12T15:07:07.327+0000][gc,phases    ] GC(0)   Pre Evacuate Collection Set: 0.0ms
[2023-12-12T15:07:07.327+0000][gc,phases    ] GC(0)   Evacuate Collection Set: 7.6ms
[2023-12-12T15:07:07.327+0000][gc,phases    ] GC(0)   Post Evacuate Collection Set: 0.6ms
[2023-12-12T15:07:07.328+0000][gc,phases    ] GC(0)   Other: 1.3ms
[2023-12-12T15:07:07.328+0000][gc,heap      ] GC(0) Eden regions: 48->0(44)
[2023-12-12T15:07:07.328+0000][gc,heap      ] GC(0) Survivor regions: 0->7(7)
[2023-12-12T15:07:07.328+0000][gc,heap      ] GC(0) Old regions: 0->1
[2023-12-12T15:07:07.328+0000][gc,heap      ] GC(0) Humongous regions: 0->0
[2023-12-12T15:07:07.328+0000][gc,metaspace ] GC(0) Metaspace: 20764K(21296K)->20764K(21296K) NonClass: 18571K(18864K)->18571K(18864K) Class: 2193K(2432K)->2193K(2432K)
[2023-12-12T15:07:07.328+0000][gc           ] GC(0) Pause Young (Concurrent Start) (Metadata GC Threshold) 47M->7M(1024M) 11.304ms
[2023-12-12T15:07:07.329+0000][gc,cpu       ] GC(0) User=0.05s Sys=0.02s Real=0.01s
[2023-12-12T15:07:07.329+0000][gc           ] GC(1) Concurrent Cycle
[2023-12-12T15:07:07.329+0000][gc,marking   ] GC(1) Concurrent Clear Claimed Marks
[2023-12-12T15:07:07.329+0000][gc,marking   ] GC(1) Concurrent Clear Claimed Marks 0.224ms
[2023-12-12T15:07:07.329+0000][gc,marking   ] GC(1) Concurrent Scan Root Regions
[2023-12-12T15:07:07.331+0000][gc,marking   ] GC(1) Concurrent Scan Root Regions 1.195ms
[2023-12-12T15:07:07.331+0000][gc,marking   ] GC(1) Concurrent Mark (1.032s)
[2023-12-12T15:07:07.331+0000][gc,marking   ] GC(1) Concurrent Mark From Roots
[2023-12-12T15:07:07.331+0000][gc,task      ] GC(1) Using 3 workers of 3 for marking
[2023-12-12T15:07:07.331+0000][gc,marking   ] GC(1) Concurrent Mark From Roots 0.483ms
[2023-12-12T15:07:07.332+0000][gc,marking   ] GC(1) Concurrent Preclean
[2023-12-12T15:07:07.332+0000][gc,marking   ] GC(1) Concurrent Preclean 0.264ms
[2023-12-12T15:07:07.332+0000][gc,marking   ] GC(1) Concurrent Mark (1.032s, 1.033s) 1.358ms
[2023-12-12T15:07:07.333+0000][gc,start     ] GC(1) Pause Remark
[2023-12-12T15:07:07.334+0000][gc,stringtable] GC(1) Cleaned string and symbol table, strings: 7942 processed, 0 removed, symbols: 66390 processed, 31 removed
[2023-12-12T15:07:07.334+0000][gc            ] GC(1) Pause Remark 7M->7M(1024M) 1.576ms
[2023-12-12T15:07:07.334+0000][gc,cpu        ] GC(1) User=0.01s Sys=0.00s Real=0.01s
[2023-12-12T15:07:07.334+0000][gc,marking    ] GC(1) Concurrent Rebuild Remembered Sets
[2023-12-12T15:07:07.335+0000][gc,marking    ] GC(1) Concurrent Rebuild Remembered Sets 0.247ms
[2023-12-12T15:07:07.335+0000][gc,start      ] GC(1) Pause Cleanup
[2023-12-12T15:07:07.335+0000][gc            ] GC(1) Pause Cleanup 7M->7M(1024M) 0.304ms
[2023-12-12T15:07:07.335+0000][gc,cpu        ] GC(1) User=0.00s Sys=0.00s Real=0.00s
[2023-12-12T15:07:07.336+0000][gc,marking    ] GC(1) Concurrent Cleanup for Next Mark
[2023-12-12T15:07:07.337+0000][gc,marking    ] GC(1) Concurrent Cleanup for Next Mark 1.670ms
[2023-12-12T15:07:07.338+0000][gc            ] GC(1) Concurrent Cycle 8.799ms
[2023-12-12T15:07:07.974+0000][gc,start      ] GC(2) Pause Young (Normal) (G1 Evacuation Pause)
[2023-12-12T15:07:07.975+0000][gc,task       ] GC(2) Using 13 workers of 13 for evacuation
[2023-12-12T15:07:07.982+0000][gc,phases     ] GC(2)   Pre Evacuate Collection Set: 0.0ms
[2023-12-12T15:07:07.982+0000][gc,phases     ] GC(2)   Evacuate Collection Set: 6.1ms
[2023-12-12T15:07:07.982+0000][gc,phases     ] GC(2)   Post Evacuate Collection Set: 0.7ms
[2023-12-12T15:07:07.982+0000][gc,phases     ] GC(2)   Other: 0.6ms
[2023-12-12T15:07:07.982+0000][gc,heap       ] GC(2) Eden regions: 44->0(49)
[2023-12-12T15:07:07.983+0000][gc,heap       ] GC(2) Survivor regions: 7->2(7)
[2023-12-12T15:07:07.983+0000][gc,heap       ] GC(2) Old regions: 1->8
[2023-12-12T15:07:07.983+0000][gc,heap       ] GC(2) Humongous regions: 0->0
[2023-12-12T15:07:07.983+0000][gc,metaspace  ] GC(2) Metaspace: 29594K(30512K)->29594K(30512K) NonClass: 26226K(26800K)->26226K(26800K) Class: 3368K(3712K)->3368K(3712K)
[2023-12-12T15:07:07.983+0000][gc            ] GC(2) Pause Young (Normal) (G1 Evacuation Pause) 51M->8M(1024M) 8.803ms
[2023-12-12T15:07:07.983+0000][gc,cpu        ] GC(2) User=0.06s Sys=0.01s Real=0.00s
[2023-12-12T15:07:08.300+0000][gc,start      ] GC(3) Pause Young (Concurrent Start) (Metadata GC Threshold)
[2023-12-12T15:07:08.301+0000][gc,task       ] GC(3) Using 13 workers of 13 for evacuation
[2023-12-12T15:07:08.303+0000][gc,phases     ] GC(3)   Pre Evacuate Collection Set: 0.1ms
[2023-12-12T15:07:08.303+0000][gc,phases     ] GC(3)   Evacuate Collection Set: 1.5ms
[2023-12-12T15:07:08.303+0000][gc,phases     ] GC(3)   Post Evacuate Collection Set: 0.3ms
[2023-12-12T15:07:08.303+0000][gc,phases     ] GC(3)   Other: 0.5ms
[2023-12-12T15:07:08.303+0000][gc,heap       ] GC(3) Eden regions: 29->0(48)
[2023-12-12T15:07:08.303+0000][gc,heap       ] GC(3) Survivor regions: 2->3(7)
[2023-12-12T15:07:08.303+0000][gc,heap       ] GC(3) Old regions: 8->8
[2023-12-12T15:07:08.304+0000][gc,heap       ] GC(3) Humongous regions: 129->129
[2023-12-12T15:07:08.304+0000][gc,metaspace  ] GC(3) Metaspace: 34939K(35920K)->34939K(35920K) NonClass: 31084K(31568K)->31084K(31568K) Class: 3855K(4352K)->3855K(4352K)
[2023-12-12T15:07:08.304+0000][gc            ] GC(3) Pause Young (Concurrent Start) (Metadata GC Threshold) 166M->138M(1024M) 3.447ms
[2023-12-12T15:07:08.304+0000][gc,cpu        ] GC(3) User=0.00s Sys=0.00s Real=0.01s
[2023-12-12T15:07:08.304+0000][gc            ] GC(4) Concurrent Cycle
[2023-12-12T15:07:08.304+0000][gc,marking    ] GC(4) Concurrent Clear Claimed Marks
[2023-12-12T15:07:08.304+0000][gc,marking    ] GC(4) Concurrent Clear Claimed Marks 0.135ms
[2023-12-12T15:07:08.305+0000][gc,marking    ] GC(4) Concurrent Scan Root Regions
[2023-12-12T15:07:08.305+0000][gc,marking    ] GC(4) Concurrent Scan Root Regions 0.701ms
[2023-12-12T15:07:08.305+0000][gc,marking    ] GC(4) Concurrent Mark (2.006s)
[2023-12-12T15:07:08.305+0000][gc,marking    ] GC(4) Concurrent Mark From Roots
[2023-12-12T15:07:08.306+0000][gc,task       ] GC(4) Using 3 workers of 3 for marking
[2023-12-12T15:07:08.308+0000][gc,marking    ] GC(4) Concurrent Mark From Roots 2.118ms
[2023-12-12T15:07:08.308+0000][gc,marking    ] GC(4) Concurrent Preclean
[2023-12-12T15:07:08.308+0000][gc,marking    ] GC(4) Concurrent Preclean 0.185ms
[2023-12-12T15:07:08.308+0000][gc,marking    ] GC(4) Concurrent Mark (2.006s, 2.009s) 2.749ms
[2023-12-12T15:07:08.308+0000][gc,start      ] GC(4) Pause Remark
[2023-12-12T15:07:08.310+0000][gc,stringtable] GC(4) Cleaned string and symbol table, strings: 11356 processed, 10 removed, symbols: 100225 processed, 24 removed
[2023-12-12T15:07:08.310+0000][gc            ] GC(4) Pause Remark 139M->139M(1024M) 1.722ms
[2023-12-12T15:07:08.310+0000][gc,cpu        ] GC(4) User=0.01s Sys=0.00s Real=0.00s
[2023-12-12T15:07:08.310+0000][gc,marking    ] GC(4) Concurrent Rebuild Remembered Sets
[2023-12-12T15:07:08.312+0000][gc,marking    ] GC(4) Concurrent Rebuild Remembered Sets 1.148ms
[2023-12-12T15:07:08.312+0000][gc,start      ] GC(4) Pause Cleanup
[2023-12-12T15:07:08.312+0000][gc            ] GC(4) Pause Cleanup 139M->139M(1024M) 0.296ms
[2023-12-12T15:07:08.312+0000][gc,cpu        ] GC(4) User=0.00s Sys=0.00s Real=0.00s
[2023-12-12T15:07:08.312+0000][gc,marking    ] GC(4) Concurrent Cleanup for Next Mark
[2023-12-12T15:07:08.316+0000][gc,marking    ] GC(4) Concurrent Cleanup for Next Mark 3.862ms
[2023-12-12T15:07:08.317+0000][gc            ] GC(4) Concurrent Cycle 12.381ms
[2023-12-12T15:07:08.923+0000][gc,heap,exit  ] Heap
[2023-12-12T15:07:08.923+0000][gc,heap,exit  ]  garbage-first heap   total 1048576K, used 181198K [0x00000000c0000000, 0x0000000100000000)
[2023-12-12T15:07:08.924+0000][gc,heap,exit  ]   region size 1024K, 42 young (43008K), 3 survivors (3072K)
[2023-12-12T15:07:08.924+0000][gc,heap,exit  ]  Metaspace       used 40206K, capacity 41539K, committed 41680K, reserved 1085440K
[2023-12-12T15:07:08.924+0000][gc,heap,exit  ]   class space    used 4595K, capacity 5200K, committed 5248K, reserved 1048576K
