[2023-12-12T14:01:39.360+0000][gc,heap] Heap region size: 1M
[2023-12-12T14:01:39.364+0000][gc     ] Using G1
[2023-12-12T14:01:39.365+0000][gc,heap,coops] Heap address: 0x00000000c0000000, size: 1024 MB, Compressed Oops mode: 32-bit
[2023-12-12T14:01:40.313+0000][gc,start     ] GC(0) Pause Young (Concurrent Start) (Metadata GC Threshold)
[2023-12-12T14:01:40.314+0000][gc,task      ] GC(0) Using 13 workers of 13 for evacuation
[2023-12-12T14:01:40.323+0000][gc,phases    ] GC(0)   Pre Evacuate Collection Set: 0.0ms
[2023-12-12T14:01:40.323+0000][gc,phases    ] GC(0)   Evacuate Collection Set: 7.4ms
[2023-12-12T14:01:40.323+0000][gc,phases    ] GC(0)   Post Evacuate Collection Set: 0.5ms
[2023-12-12T14:01:40.324+0000][gc,phases    ] GC(0)   Other: 1.5ms
[2023-12-12T14:01:40.324+0000][gc,heap      ] GC(0) Eden regions: 48->0(44)
[2023-12-12T14:01:40.324+0000][gc,heap      ] GC(0) Survivor regions: 0->7(7)
[2023-12-12T14:01:40.324+0000][gc,heap      ] GC(0) Old regions: 0->1
[2023-12-12T14:01:40.324+0000][gc,heap      ] GC(0) Humongous regions: 0->0
[2023-12-12T14:01:40.324+0000][gc,metaspace ] GC(0) Metaspace: 20764K(21296K)->20764K(21296K) NonClass: 18571K(18864K)->18571K(18864K) Class: 2192K(2432K)->2192K(2432K)
[2023-12-12T14:01:40.324+0000][gc           ] GC(0) Pause Young (Concurrent Start) (Metadata GC Threshold) 47M->7M(1024M) 11.176ms
[2023-12-12T14:01:40.325+0000][gc,cpu       ] GC(0) User=0.05s Sys=0.01s Real=0.02s
[2023-12-12T14:01:40.325+0000][gc           ] GC(1) Concurrent Cycle
[2023-12-12T14:01:40.325+0000][gc,marking   ] GC(1) Concurrent Clear Claimed Marks
[2023-12-12T14:01:40.325+0000][gc,marking   ] GC(1) Concurrent Clear Claimed Marks 0.168ms
[2023-12-12T14:01:40.325+0000][gc,marking   ] GC(1) Concurrent Scan Root Regions
[2023-12-12T14:01:40.326+0000][gc,marking   ] GC(1) Concurrent Scan Root Regions 1.071ms
[2023-12-12T14:01:40.327+0000][gc,marking   ] GC(1) Concurrent Mark (0.978s)
[2023-12-12T14:01:40.327+0000][gc,marking   ] GC(1) Concurrent Mark From Roots
[2023-12-12T14:01:40.327+0000][gc,task      ] GC(1) Using 3 workers of 3 for marking
[2023-12-12T14:01:40.328+0000][gc,marking   ] GC(1) Concurrent Mark From Roots 1.090ms
[2023-12-12T14:01:40.328+0000][gc,marking   ] GC(1) Concurrent Preclean
[2023-12-12T14:01:40.328+0000][gc,marking   ] GC(1) Concurrent Preclean 0.185ms
[2023-12-12T14:01:40.328+0000][gc,marking   ] GC(1) Concurrent Mark (0.978s, 0.980s) 1.819ms
[2023-12-12T14:01:40.329+0000][gc,start     ] GC(1) Pause Remark
[2023-12-12T14:01:40.330+0000][gc,stringtable] GC(1) Cleaned string and symbol table, strings: 7925 processed, 0 removed, symbols: 66391 processed, 31 removed
[2023-12-12T14:01:40.330+0000][gc            ] GC(1) Pause Remark 8M->8M(1024M) 1.577ms
[2023-12-12T14:01:40.331+0000][gc,cpu        ] GC(1) User=0.01s Sys=0.00s Real=0.00s
[2023-12-12T14:01:40.331+0000][gc,marking    ] GC(1) Concurrent Rebuild Remembered Sets
[2023-12-12T14:01:40.331+0000][gc,marking    ] GC(1) Concurrent Rebuild Remembered Sets 0.458ms
[2023-12-12T14:01:40.332+0000][gc,start      ] GC(1) Pause Cleanup
[2023-12-12T14:01:40.332+0000][gc            ] GC(1) Pause Cleanup 8M->8M(1024M) 0.389ms
[2023-12-12T14:01:40.332+0000][gc,cpu        ] GC(1) User=0.00s Sys=0.01s Real=0.00s
[2023-12-12T14:01:40.332+0000][gc,marking    ] GC(1) Concurrent Cleanup for Next Mark
[2023-12-12T14:01:40.334+0000][gc,marking    ] GC(1) Concurrent Cleanup for Next Mark 1.981ms
[2023-12-12T14:01:40.335+0000][gc            ] GC(1) Concurrent Cycle 9.987ms
[2023-12-12T14:01:40.960+0000][gc,start      ] GC(2) Pause Young (Normal) (G1 Evacuation Pause)
[2023-12-12T14:01:40.960+0000][gc,task       ] GC(2) Using 13 workers of 13 for evacuation
[2023-12-12T14:01:40.966+0000][gc,phases     ] GC(2)   Pre Evacuate Collection Set: 0.0ms
[2023-12-12T14:01:40.967+0000][gc,phases     ] GC(2)   Evacuate Collection Set: 5.5ms
[2023-12-12T14:01:40.967+0000][gc,phases     ] GC(2)   Post Evacuate Collection Set: 0.6ms
[2023-12-12T14:01:40.967+0000][gc,phases     ] GC(2)   Other: 0.4ms
[2023-12-12T14:01:40.967+0000][gc,heap       ] GC(2) Eden regions: 44->0(49)
[2023-12-12T14:01:40.967+0000][gc,heap       ] GC(2) Survivor regions: 7->2(7)
[2023-12-12T14:01:40.967+0000][gc,heap       ] GC(2) Old regions: 1->8
[2023-12-12T14:01:40.967+0000][gc,heap       ] GC(2) Humongous regions: 0->0
[2023-12-12T14:01:40.968+0000][gc,metaspace  ] GC(2) Metaspace: 29593K(30512K)->29593K(30512K) NonClass: 26224K(26800K)->26224K(26800K) Class: 3369K(3712K)->3369K(3712K)
[2023-12-12T14:01:40.968+0000][gc            ] GC(2) Pause Young (Normal) (G1 Evacuation Pause) 51M->8M(1024M) 8.008ms
[2023-12-12T14:01:40.968+0000][gc,cpu        ] GC(2) User=0.08s Sys=0.00s Real=0.01s
[2023-12-12T14:01:41.262+0000][gc,start      ] GC(3) Pause Young (Concurrent Start) (Metadata GC Threshold)
[2023-12-12T14:01:41.262+0000][gc,task       ] GC(3) Using 13 workers of 13 for evacuation
[2023-12-12T14:01:41.265+0000][gc,phases     ] GC(3)   Pre Evacuate Collection Set: 0.1ms
[2023-12-12T14:01:41.265+0000][gc,phases     ] GC(3)   Evacuate Collection Set: 1.5ms
[2023-12-12T14:01:41.265+0000][gc,phases     ] GC(3)   Post Evacuate Collection Set: 0.3ms
[2023-12-12T14:01:41.265+0000][gc,phases     ] GC(3)   Other: 0.5ms
[2023-12-12T14:01:41.265+0000][gc,heap       ] GC(3) Eden regions: 28->0(48)
[2023-12-12T14:01:41.265+0000][gc,heap       ] GC(3) Survivor regions: 2->3(7)
[2023-12-12T14:01:41.265+0000][gc,heap       ] GC(3) Old regions: 8->8
[2023-12-12T14:01:41.265+0000][gc,heap       ] GC(3) Humongous regions: 129->129
[2023-12-12T14:01:41.266+0000][gc,metaspace  ] GC(3) Metaspace: 34873K(35920K)->34873K(35920K) NonClass: 31021K(31568K)->31021K(31568K) Class: 3851K(4352K)->3851K(4352K)
[2023-12-12T14:01:41.266+0000][gc            ] GC(3) Pause Young (Concurrent Start) (Metadata GC Threshold) 165M->139M(1024M) 3.487ms
[2023-12-12T14:01:41.266+0000][gc,cpu        ] GC(3) User=0.01s Sys=0.00s Real=0.01s
[2023-12-12T14:01:41.266+0000][gc            ] GC(4) Concurrent Cycle
[2023-12-12T14:01:41.266+0000][gc,marking    ] GC(4) Concurrent Clear Claimed Marks
[2023-12-12T14:01:41.266+0000][gc,marking    ] GC(4) Concurrent Clear Claimed Marks 0.122ms
[2023-12-12T14:01:41.266+0000][gc,marking    ] GC(4) Concurrent Scan Root Regions
[2023-12-12T14:01:41.267+0000][gc,marking    ] GC(4) Concurrent Scan Root Regions 0.836ms
[2023-12-12T14:01:41.267+0000][gc,marking    ] GC(4) Concurrent Mark (1.919s)
[2023-12-12T14:01:41.267+0000][gc,marking    ] GC(4) Concurrent Mark From Roots
[2023-12-12T14:01:41.268+0000][gc,task       ] GC(4) Using 3 workers of 3 for marking
[2023-12-12T14:01:41.270+0000][gc,marking    ] GC(4) Concurrent Mark From Roots 2.032ms
[2023-12-12T14:01:41.270+0000][gc,marking    ] GC(4) Concurrent Preclean
[2023-12-12T14:01:41.270+0000][gc,marking    ] GC(4) Concurrent Preclean 0.155ms
[2023-12-12T14:01:41.270+0000][gc,marking    ] GC(4) Concurrent Mark (1.919s, 1.921s) 2.564ms
[2023-12-12T14:01:41.270+0000][gc,start      ] GC(4) Pause Remark
[2023-12-12T14:01:41.272+0000][gc,stringtable] GC(4) Cleaned string and symbol table, strings: 11320 processed, 10 removed, symbols: 100117 processed, 24 removed
[2023-12-12T14:01:41.272+0000][gc            ] GC(4) Pause Remark 139M->139M(1024M) 1.739ms
[2023-12-12T14:01:41.272+0000][gc,cpu        ] GC(4) User=0.01s Sys=0.00s Real=0.00s
[2023-12-12T14:01:41.272+0000][gc,marking    ] GC(4) Concurrent Rebuild Remembered Sets
[2023-12-12T14:01:41.274+0000][gc,marking    ] GC(4) Concurrent Rebuild Remembered Sets 1.243ms
[2023-12-12T14:01:41.274+0000][gc,start      ] GC(4) Pause Cleanup
[2023-12-12T14:01:41.274+0000][gc            ] GC(4) Pause Cleanup 140M->140M(1024M) 0.291ms
[2023-12-12T14:01:41.274+0000][gc,cpu        ] GC(4) User=0.00s Sys=0.00s Real=0.00s
[2023-12-12T14:01:41.275+0000][gc,marking    ] GC(4) Concurrent Cleanup for Next Mark
[2023-12-12T14:01:41.276+0000][gc,marking    ] GC(4) Concurrent Cleanup for Next Mark 1.589ms
[2023-12-12T14:01:41.276+0000][gc            ] GC(4) Concurrent Cycle 10.255ms
[2023-12-12T14:01:41.821+0000][gc,heap,exit  ] Heap
[2023-12-12T14:01:41.821+0000][gc,heap,exit  ]  garbage-first heap   total 1048576K, used 181281K [0x00000000c0000000, 0x0000000100000000)
[2023-12-12T14:01:41.822+0000][gc,heap,exit  ]   region size 1024K, 42 young (43008K), 3 survivors (3072K)
[2023-12-12T14:01:41.822+0000][gc,heap,exit  ]  Metaspace       used 40205K, capacity 41545K, committed 41680K, reserved 1085440K
[2023-12-12T14:01:41.822+0000][gc,heap,exit  ]   class space    used 4596K, capacity 5203K, committed 5248K, reserved 1048576K
