[2023-12-12T14:02:00.634+0000][gc,heap] Heap region size: 1M
[2023-12-12T14:02:00.639+0000][gc     ] Using G1
[2023-12-12T14:02:00.639+0000][gc,heap,coops] Heap address: 0x00000000c0000000, size: 1024 MB, Compressed Oops mode: 32-bit
[2023-12-12T14:02:01.546+0000][gc,start     ] GC(0) Pause Young (Concurrent Start) (Metadata GC Threshold)
[2023-12-12T14:02:01.547+0000][gc,task      ] GC(0) Using 13 workers of 13 for evacuation
[2023-12-12T14:02:01.553+0000][gc,phases    ] GC(0)   Pre Evacuate Collection Set: 0.0ms
[2023-12-12T14:02:01.553+0000][gc,phases    ] GC(0)   Evacuate Collection Set: 5.5ms
[2023-12-12T14:02:01.554+0000][gc,phases    ] GC(0)   Post Evacuate Collection Set: 0.4ms
[2023-12-12T14:02:01.554+0000][gc,phases    ] GC(0)   Other: 1.3ms
[2023-12-12T14:02:01.554+0000][gc,heap      ] GC(0) Eden regions: 48->0(44)
[2023-12-12T14:02:01.554+0000][gc,heap      ] GC(0) Survivor regions: 0->7(7)
[2023-12-12T14:02:01.554+0000][gc,heap      ] GC(0) Old regions: 0->1
[2023-12-12T14:02:01.554+0000][gc,heap      ] GC(0) Humongous regions: 0->0
[2023-12-12T14:02:01.555+0000][gc,metaspace ] GC(0) Metaspace: 20765K(21296K)->20765K(21296K) NonClass: 18571K(18864K)->18571K(18864K) Class: 2194K(2432K)->2194K(2432K)
[2023-12-12T14:02:01.555+0000][gc           ] GC(0) Pause Young (Concurrent Start) (Metadata GC Threshold) 48M->7M(1024M) 8.936ms
[2023-12-12T14:02:01.555+0000][gc,cpu       ] GC(0) User=0.02s Sys=0.01s Real=0.01s
[2023-12-12T14:02:01.555+0000][gc           ] GC(1) Concurrent Cycle
[2023-12-12T14:02:01.555+0000][gc,marking   ] GC(1) Concurrent Clear Claimed Marks
[2023-12-12T14:02:01.555+0000][gc,marking   ] GC(1) Concurrent Clear Claimed Marks 0.197ms
[2023-12-12T14:02:01.556+0000][gc,marking   ] GC(1) Concurrent Scan Root Regions
[2023-12-12T14:02:01.557+0000][gc,marking   ] GC(1) Concurrent Scan Root Regions 1.297ms
[2023-12-12T14:02:01.557+0000][gc,marking   ] GC(1) Concurrent Mark (0.938s)
[2023-12-12T14:02:01.557+0000][gc,marking   ] GC(1) Concurrent Mark From Roots
[2023-12-12T14:02:01.557+0000][gc,task      ] GC(1) Using 3 workers of 3 for marking
[2023-12-12T14:02:01.558+0000][gc,marking   ] GC(1) Concurrent Mark From Roots 0.705ms
[2023-12-12T14:02:01.558+0000][gc,marking   ] GC(1) Concurrent Preclean
[2023-12-12T14:02:01.558+0000][gc,marking   ] GC(1) Concurrent Preclean 0.164ms
[2023-12-12T14:02:01.559+0000][gc,marking   ] GC(1) Concurrent Mark (0.938s, 0.939s) 1.371ms
[2023-12-12T14:02:01.559+0000][gc,start     ] GC(1) Pause Remark
[2023-12-12T14:02:01.560+0000][gc,stringtable] GC(1) Cleaned string and symbol table, strings: 7943 processed, 0 removed, symbols: 66388 processed, 31 removed
[2023-12-12T14:02:01.561+0000][gc            ] GC(1) Pause Remark 8M->8M(1024M) 1.661ms
[2023-12-12T14:02:01.561+0000][gc,cpu        ] GC(1) User=0.01s Sys=0.01s Real=0.00s
[2023-12-12T14:02:01.561+0000][gc,marking    ] GC(1) Concurrent Rebuild Remembered Sets
[2023-12-12T14:02:01.562+0000][gc,marking    ] GC(1) Concurrent Rebuild Remembered Sets 0.391ms
[2023-12-12T14:02:01.562+0000][gc,start      ] GC(1) Pause Cleanup
[2023-12-12T14:02:01.562+0000][gc            ] GC(1) Pause Cleanup 8M->8M(1024M) 0.325ms
[2023-12-12T14:02:01.562+0000][gc,cpu        ] GC(1) User=0.00s Sys=0.00s Real=0.00s
[2023-12-12T14:02:01.562+0000][gc,marking    ] GC(1) Concurrent Cleanup for Next Mark
[2023-12-12T14:02:01.564+0000][gc,marking    ] GC(1) Concurrent Cleanup for Next Mark 1.747ms
[2023-12-12T14:02:01.565+0000][gc            ] GC(1) Concurrent Cycle 9.493ms
[2023-12-12T14:02:02.220+0000][gc,start      ] GC(2) Pause Young (Normal) (G1 Evacuation Pause)
[2023-12-12T14:02:02.220+0000][gc,task       ] GC(2) Using 13 workers of 13 for evacuation
[2023-12-12T14:02:02.227+0000][gc,phases     ] GC(2)   Pre Evacuate Collection Set: 0.0ms
[2023-12-12T14:02:02.227+0000][gc,phases     ] GC(2)   Evacuate Collection Set: 6.3ms
[2023-12-12T14:02:02.227+0000][gc,phases     ] GC(2)   Post Evacuate Collection Set: 0.5ms
[2023-12-12T14:02:02.227+0000][gc,phases     ] GC(2)   Other: 0.4ms
[2023-12-12T14:02:02.228+0000][gc,heap       ] GC(2) Eden regions: 44->0(49)
[2023-12-12T14:02:02.228+0000][gc,heap       ] GC(2) Survivor regions: 7->2(7)
[2023-12-12T14:02:02.228+0000][gc,heap       ] GC(2) Old regions: 1->8
[2023-12-12T14:02:02.228+0000][gc,heap       ] GC(2) Humongous regions: 0->0
[2023-12-12T14:02:02.228+0000][gc,metaspace  ] GC(2) Metaspace: 29634K(30512K)->29634K(30512K) NonClass: 26259K(26800K)->26259K(26800K) Class: 3375K(3712K)->3375K(3712K)
[2023-12-12T14:02:02.228+0000][gc            ] GC(2) Pause Young (Normal) (G1 Evacuation Pause) 51M->8M(1024M) 8.467ms
[2023-12-12T14:02:02.228+0000][gc,cpu        ] GC(2) User=0.07s Sys=0.01s Real=0.01s
[2023-12-12T14:02:02.526+0000][gc,start      ] GC(3) Pause Young (Concurrent Start) (Metadata GC Threshold)
[2023-12-12T14:02:02.526+0000][gc,task       ] GC(3) Using 13 workers of 13 for evacuation
[2023-12-12T14:02:02.529+0000][gc,phases     ] GC(3)   Pre Evacuate Collection Set: 0.1ms
[2023-12-12T14:02:02.529+0000][gc,phases     ] GC(3)   Evacuate Collection Set: 1.5ms
[2023-12-12T14:02:02.529+0000][gc,phases     ] GC(3)   Post Evacuate Collection Set: 0.4ms
[2023-12-12T14:02:02.529+0000][gc,phases     ] GC(3)   Other: 0.5ms
[2023-12-12T14:02:02.529+0000][gc,heap       ] GC(3) Eden regions: 28->0(48)
[2023-12-12T14:02:02.529+0000][gc,heap       ] GC(3) Survivor regions: 2->3(7)
[2023-12-12T14:02:02.530+0000][gc,heap       ] GC(3) Old regions: 8->8
[2023-12-12T14:02:02.530+0000][gc,heap       ] GC(3) Humongous regions: 129->129
[2023-12-12T14:02:02.530+0000][gc,metaspace  ] GC(3) Metaspace: 34875K(35920K)->34875K(35920K) NonClass: 31022K(31568K)->31022K(31568K) Class: 3852K(4352K)->3852K(4352K)
[2023-12-12T14:02:02.530+0000][gc            ] GC(3) Pause Young (Concurrent Start) (Metadata GC Threshold) 165M->138M(1024M) 3.741ms
[2023-12-12T14:02:02.530+0000][gc,cpu        ] GC(3) User=0.01s Sys=0.01s Real=0.00s
[2023-12-12T14:02:02.530+0000][gc            ] GC(4) Concurrent Cycle
[2023-12-12T14:02:02.530+0000][gc,marking    ] GC(4) Concurrent Clear Claimed Marks
[2023-12-12T14:02:02.531+0000][gc,marking    ] GC(4) Concurrent Clear Claimed Marks 0.168ms
[2023-12-12T14:02:02.531+0000][gc,marking    ] GC(4) Concurrent Scan Root Regions
[2023-12-12T14:02:02.531+0000][gc,marking    ] GC(4) Concurrent Scan Root Regions 0.683ms
[2023-12-12T14:02:02.532+0000][gc,marking    ] GC(4) Concurrent Mark (1.912s)
[2023-12-12T14:02:02.532+0000][gc,marking    ] GC(4) Concurrent Mark From Roots
[2023-12-12T14:02:02.532+0000][gc,task       ] GC(4) Using 3 workers of 3 for marking
[2023-12-12T14:02:02.534+0000][gc,marking    ] GC(4) Concurrent Mark From Roots 1.893ms
[2023-12-12T14:02:02.534+0000][gc,marking    ] GC(4) Concurrent Preclean
[2023-12-12T14:02:02.534+0000][gc,marking    ] GC(4) Concurrent Preclean 0.166ms
[2023-12-12T14:02:02.534+0000][gc,marking    ] GC(4) Concurrent Mark (1.912s, 1.915s) 2.621ms
[2023-12-12T14:02:02.534+0000][gc,start      ] GC(4) Pause Remark
[2023-12-12T14:02:02.536+0000][gc,stringtable] GC(4) Cleaned string and symbol table, strings: 11327 processed, 10 removed, symbols: 100117 processed, 24 removed
[2023-12-12T14:02:02.536+0000][gc            ] GC(4) Pause Remark 139M->139M(1024M) 1.647ms
[2023-12-12T14:02:02.536+0000][gc,cpu        ] GC(4) User=0.01s Sys=0.00s Real=0.00s
[2023-12-12T14:02:02.536+0000][gc,marking    ] GC(4) Concurrent Rebuild Remembered Sets
[2023-12-12T14:02:02.538+0000][gc,marking    ] GC(4) Concurrent Rebuild Remembered Sets 1.200ms
[2023-12-12T14:02:02.538+0000][gc,start      ] GC(4) Pause Cleanup
[2023-12-12T14:02:02.538+0000][gc            ] GC(4) Pause Cleanup 139M->139M(1024M) 0.286ms
[2023-12-12T14:02:02.538+0000][gc,cpu        ] GC(4) User=0.00s Sys=0.00s Real=0.00s
[2023-12-12T14:02:02.538+0000][gc,marking    ] GC(4) Concurrent Cleanup for Next Mark
[2023-12-12T14:02:02.541+0000][gc,marking    ] GC(4) Concurrent Cleanup for Next Mark 2.331ms
[2023-12-12T14:02:02.541+0000][gc            ] GC(4) Concurrent Cycle 10.693ms
[2023-12-12T14:02:03.058+0000][gc,start      ] GC(5) Pause Young (Normal) (G1 Evacuation Pause)
[2023-12-12T14:02:03.058+0000][gc,task       ] GC(5) Using 13 workers of 13 for evacuation
[2023-12-12T14:02:03.062+0000][gc,phases     ] GC(5)   Pre Evacuate Collection Set: 0.0ms
[2023-12-12T14:02:03.062+0000][gc,phases     ] GC(5)   Evacuate Collection Set: 3.4ms
[2023-12-12T14:02:03.062+0000][gc,phases     ] GC(5)   Post Evacuate Collection Set: 0.6ms
[2023-12-12T14:02:03.063+0000][gc,phases     ] GC(5)   Other: 0.5ms
[2023-12-12T14:02:03.063+0000][gc,heap       ] GC(5) Eden regions: 48->0(44)
[2023-12-12T14:02:03.063+0000][gc,heap       ] GC(5) Survivor regions: 3->7(7)
[2023-12-12T14:02:03.063+0000][gc,heap       ] GC(5) Old regions: 8->8
[2023-12-12T14:02:03.063+0000][gc,heap       ] GC(5) Humongous regions: 129->129
[2023-12-12T14:02:03.063+0000][gc,metaspace  ] GC(5) Metaspace: 43193K(44752K)->43193K(44752K) NonClass: 38404K(39248K)->38404K(39248K) Class: 4789K(5504K)->4789K(5504K)
[2023-12-12T14:02:03.064+0000][gc            ] GC(5) Pause Young (Normal) (G1 Evacuation Pause) 186M->143M(1024M) 6.006ms
[2023-12-12T14:02:03.064+0000][gc,cpu        ] GC(5) User=0.04s Sys=0.01s Real=0.01s
[2023-12-12T14:24:44.020+0000][gc,start      ] GC(6) Pause Young (Normal) (G1 Evacuation Pause)
[2023-12-12T14:24:44.021+0000][gc,task       ] GC(6) Using 13 workers of 13 for evacuation
[2023-12-12T14:24:44.028+0000][gc,phases     ] GC(6)   Pre Evacuate Collection Set: 0.0ms
[2023-12-12T14:24:44.029+0000][gc,phases     ] GC(6)   Evacuate Collection Set: 6.8ms
[2023-12-12T14:24:44.029+0000][gc,phases     ] GC(6)   Post Evacuate Collection Set: 0.7ms
[2023-12-12T14:24:44.029+0000][gc,phases     ] GC(6)   Other: 0.4ms
[2023-12-12T14:24:44.029+0000][gc,heap       ] GC(6) Eden regions: 44->0(49)
[2023-12-12T14:24:44.030+0000][gc,heap       ] GC(6) Survivor regions: 7->2(7)
[2023-12-12T14:24:44.030+0000][gc,heap       ] GC(6) Old regions: 8->14
[2023-12-12T14:24:44.030+0000][gc,heap       ] GC(6) Humongous regions: 129->129
[2023-12-12T14:24:44.030+0000][gc,metaspace  ] GC(6) Metaspace: 48118K(50384K)->48118K(50384K) NonClass: 42391K(43600K)->42391K(43600K) Class: 5727K(6784K)->5727K(6784K)
[2023-12-12T14:24:44.030+0000][gc            ] GC(6) Pause Young (Normal) (G1 Evacuation Pause) 187M->144M(1024M) 10.012ms
[2023-12-12T14:24:44.031+0000][gc,cpu        ] GC(6) User=0.05s Sys=0.03s Real=0.01s
[2023-12-12T14:24:45.548+0000][gc,heap,exit  ] Heap
[2023-12-12T14:24:45.548+0000][gc,heap,exit  ]  garbage-first heap   total 1048576K, used 153755K [0x00000000c0000000, 0x0000000100000000)
[2023-12-12T14:24:45.548+0000][gc,heap,exit  ]   region size 1024K, 9 young (9216K), 2 survivors (2048K)
[2023-12-12T14:24:45.548+0000][gc,heap,exit  ]  Metaspace       used 48614K, capacity 50848K, committed 51152K, reserved 1093632K
[2023-12-12T14:24:45.548+0000][gc,heap,exit  ]   class space    used 5865K, capacity 6981K, committed 7040K, reserved 1048576K
