[2023-12-12T15:06:13.686+0000][gc,heap] Heap region size: 1M
[2023-12-12T15:06:13.691+0000][gc     ] Using G1
[2023-12-12T15:06:13.691+0000][gc,heap,coops] Heap address: 0x00000000c0000000, size: 1024 MB, Compressed Oops mode: 32-bit
[2023-12-12T15:06:14.677+0000][gc,start     ] GC(0) Pause Young (Concurrent Start) (Metadata GC Threshold)
[2023-12-12T15:06:14.678+0000][gc,task      ] GC(0) Using 13 workers of 13 for evacuation
[2023-12-12T15:06:14.686+0000][gc,phases    ] GC(0)   Pre Evacuate Collection Set: 0.0ms
[2023-12-12T15:06:14.686+0000][gc,phases    ] GC(0)   Evacuate Collection Set: 6.2ms
[2023-12-12T15:06:14.686+0000][gc,phases    ] GC(0)   Post Evacuate Collection Set: 0.7ms
[2023-12-12T15:06:14.687+0000][gc,phases    ] GC(0)   Other: 1.5ms
[2023-12-12T15:06:14.687+0000][gc,heap      ] GC(0) Eden regions: 49->0(44)
[2023-12-12T15:06:14.687+0000][gc,heap      ] GC(0) Survivor regions: 0->7(7)
[2023-12-12T15:06:14.687+0000][gc,heap      ] GC(0) Old regions: 0->1
[2023-12-12T15:06:14.687+0000][gc,heap      ] GC(0) Humongous regions: 0->0
[2023-12-12T15:06:14.687+0000][gc,metaspace ] GC(0) Metaspace: 20764K(21296K)->20764K(21296K) NonClass: 18571K(18864K)->18571K(18864K) Class: 2193K(2432K)->2193K(2432K)
[2023-12-12T15:06:14.688+0000][gc           ] GC(0) Pause Young (Concurrent Start) (Metadata GC Threshold) 48M->7M(1024M) 10.184ms
[2023-12-12T15:06:14.688+0000][gc,cpu       ] GC(0) User=0.00s Sys=0.04s Real=0.01s
[2023-12-12T15:06:14.688+0000][gc           ] GC(1) Concurrent Cycle
[2023-12-12T15:06:14.688+0000][gc,marking   ] GC(1) Concurrent Clear Claimed Marks
[2023-12-12T15:06:14.688+0000][gc,marking   ] GC(1) Concurrent Clear Claimed Marks 0.206ms
[2023-12-12T15:06:14.688+0000][gc,marking   ] GC(1) Concurrent Scan Root Regions
[2023-12-12T15:06:14.690+0000][gc,marking   ] GC(1) Concurrent Scan Root Regions 1.341ms
[2023-12-12T15:06:14.690+0000][gc,marking   ] GC(1) Concurrent Mark (1.044s)
[2023-12-12T15:06:14.690+0000][gc,marking   ] GC(1) Concurrent Mark From Roots
[2023-12-12T15:06:14.691+0000][gc,task      ] GC(1) Using 3 workers of 3 for marking
[2023-12-12T15:06:14.691+0000][gc,marking   ] GC(1) Concurrent Mark From Roots 0.633ms
[2023-12-12T15:06:14.691+0000][gc,marking   ] GC(1) Concurrent Preclean
[2023-12-12T15:06:14.691+0000][gc,marking   ] GC(1) Concurrent Preclean 0.199ms
[2023-12-12T15:06:14.692+0000][gc,marking   ] GC(1) Concurrent Mark (1.044s, 1.045s) 1.453ms
[2023-12-12T15:06:14.692+0000][gc,start     ] GC(1) Pause Remark
[2023-12-12T15:06:14.693+0000][gc,stringtable] GC(1) Cleaned string and symbol table, strings: 7942 processed, 0 removed, symbols: 66391 processed, 31 removed
[2023-12-12T15:06:14.693+0000][gc            ] GC(1) Pause Remark 7M->7M(1024M) 1.448ms
[2023-12-12T15:06:14.693+0000][gc,cpu        ] GC(1) User=0.00s Sys=0.01s Real=0.00s
[2023-12-12T15:06:14.694+0000][gc,marking    ] GC(1) Concurrent Rebuild Remembered Sets
[2023-12-12T15:06:14.694+0000][gc,marking    ] GC(1) Concurrent Rebuild Remembered Sets 0.243ms
[2023-12-12T15:06:14.694+0000][gc,start      ] GC(1) Pause Cleanup
[2023-12-12T15:06:14.695+0000][gc            ] GC(1) Pause Cleanup 7M->7M(1024M) 0.306ms
[2023-12-12T15:06:14.695+0000][gc,cpu        ] GC(1) User=0.00s Sys=0.00s Real=0.00s
[2023-12-12T15:06:14.695+0000][gc,marking    ] GC(1) Concurrent Cleanup for Next Mark
[2023-12-12T15:06:14.696+0000][gc,marking    ] GC(1) Concurrent Cleanup for Next Mark 1.550ms
[2023-12-12T15:06:14.697+0000][gc            ] GC(1) Concurrent Cycle 8.868ms
[2023-12-12T15:06:15.394+0000][gc,start      ] GC(2) Pause Young (Normal) (G1 Evacuation Pause)
[2023-12-12T15:06:15.395+0000][gc,task       ] GC(2) Using 13 workers of 13 for evacuation
[2023-12-12T15:06:15.402+0000][gc,phases     ] GC(2)   Pre Evacuate Collection Set: 0.0ms
[2023-12-12T15:06:15.402+0000][gc,phases     ] GC(2)   Evacuate Collection Set: 6.5ms
[2023-12-12T15:06:15.402+0000][gc,phases     ] GC(2)   Post Evacuate Collection Set: 0.6ms
[2023-12-12T15:06:15.402+0000][gc,phases     ] GC(2)   Other: 0.4ms
[2023-12-12T15:06:15.402+0000][gc,heap       ] GC(2) Eden regions: 44->0(49)
[2023-12-12T15:06:15.403+0000][gc,heap       ] GC(2) Survivor regions: 7->2(7)
[2023-12-12T15:06:15.403+0000][gc,heap       ] GC(2) Old regions: 1->8
[2023-12-12T15:06:15.403+0000][gc,heap       ] GC(2) Humongous regions: 0->0
[2023-12-12T15:06:15.403+0000][gc,metaspace  ] GC(2) Metaspace: 29655K(30512K)->29655K(30512K) NonClass: 26277K(26800K)->26277K(26800K) Class: 3377K(3712K)->3377K(3712K)
[2023-12-12T15:06:15.403+0000][gc            ] GC(2) Pause Young (Normal) (G1 Evacuation Pause) 51M->8M(1024M) 8.807ms
[2023-12-12T15:06:15.403+0000][gc,cpu        ] GC(2) User=0.06s Sys=0.02s Real=0.00s
[2023-12-12T15:06:15.811+0000][gc,start      ] GC(3) Pause Young (Concurrent Start) (Metadata GC Threshold)
[2023-12-12T15:06:15.811+0000][gc,task       ] GC(3) Using 13 workers of 13 for evacuation
[2023-12-12T15:06:15.813+0000][gc,phases     ] GC(3)   Pre Evacuate Collection Set: 0.1ms
[2023-12-12T15:06:15.814+0000][gc,phases     ] GC(3)   Evacuate Collection Set: 1.4ms
[2023-12-12T15:06:15.814+0000][gc,phases     ] GC(3)   Post Evacuate Collection Set: 0.3ms
[2023-12-12T15:06:15.814+0000][gc,phases     ] GC(3)   Other: 0.5ms
[2023-12-12T15:06:15.814+0000][gc,heap       ] GC(3) Eden regions: 28->0(48)
[2023-12-12T15:06:15.814+0000][gc,heap       ] GC(3) Survivor regions: 2->3(7)
[2023-12-12T15:06:15.814+0000][gc,heap       ] GC(3) Old regions: 8->8
[2023-12-12T15:06:15.814+0000][gc,heap       ] GC(3) Humongous regions: 129->129
[2023-12-12T15:06:15.814+0000][gc,metaspace  ] GC(3) Metaspace: 34950K(35920K)->34950K(35920K) NonClass: 31087K(31568K)->31087K(31568K) Class: 3863K(4352K)->3863K(4352K)
[2023-12-12T15:06:15.815+0000][gc            ] GC(3) Pause Young (Concurrent Start) (Metadata GC Threshold) 165M->139M(1024M) 3.466ms
[2023-12-12T15:06:15.815+0000][gc,cpu        ] GC(3) User=0.00s Sys=0.01s Real=0.01s
[2023-12-12T15:06:15.815+0000][gc            ] GC(4) Concurrent Cycle
[2023-12-12T15:06:15.815+0000][gc,marking    ] GC(4) Concurrent Clear Claimed Marks
[2023-12-12T15:06:15.815+0000][gc,marking    ] GC(4) Concurrent Clear Claimed Marks 0.154ms
[2023-12-12T15:06:15.816+0000][gc,marking    ] GC(4) Concurrent Scan Root Regions
[2023-12-12T15:06:15.817+0000][gc,marking    ] GC(4) Concurrent Scan Root Regions 0.863ms
[2023-12-12T15:06:15.817+0000][gc,marking    ] GC(4) Concurrent Mark (2.171s)
[2023-12-12T15:06:15.817+0000][gc,marking    ] GC(4) Concurrent Mark From Roots
[2023-12-12T15:06:15.817+0000][gc,task       ] GC(4) Using 3 workers of 3 for marking
[2023-12-12T15:06:15.819+0000][gc,marking    ] GC(4) Concurrent Mark From Roots 2.030ms
[2023-12-12T15:06:15.819+0000][gc,marking    ] GC(4) Concurrent Preclean
[2023-12-12T15:06:15.819+0000][gc,marking    ] GC(4) Concurrent Preclean 0.195ms
[2023-12-12T15:06:15.820+0000][gc,marking    ] GC(4) Concurrent Mark (2.171s, 2.173s) 2.606ms
[2023-12-12T15:06:15.820+0000][gc,start      ] GC(4) Pause Remark
[2023-12-12T15:06:15.822+0000][gc,stringtable] GC(4) Cleaned string and symbol table, strings: 11336 processed, 10 removed, symbols: 100247 processed, 24 removed
[2023-12-12T15:06:15.822+0000][gc            ] GC(4) Pause Remark 139M->139M(1024M) 2.059ms
[2023-12-12T15:06:15.822+0000][gc,cpu        ] GC(4) User=0.01s Sys=0.00s Real=0.00s
[2023-12-12T15:06:15.822+0000][gc,marking    ] GC(4) Concurrent Rebuild Remembered Sets
[2023-12-12T15:06:15.824+0000][gc,marking    ] GC(4) Concurrent Rebuild Remembered Sets 1.359ms
[2023-12-12T15:06:15.824+0000][gc,start      ] GC(4) Pause Cleanup
[2023-12-12T15:06:15.824+0000][gc            ] GC(4) Pause Cleanup 140M->140M(1024M) 0.450ms
[2023-12-12T15:06:15.825+0000][gc,cpu        ] GC(4) User=0.00s Sys=0.00s Real=0.00s
[2023-12-12T15:06:15.825+0000][gc,marking    ] GC(4) Concurrent Cleanup for Next Mark
[2023-12-12T15:06:15.827+0000][gc,marking    ] GC(4) Concurrent Cleanup for Next Mark 2.468ms
[2023-12-12T15:06:15.827+0000][gc            ] GC(4) Concurrent Cycle 12.459ms
[2023-12-12T15:06:16.401+0000][gc,heap,exit  ] Heap
[2023-12-12T15:06:16.401+0000][gc,heap,exit  ]  garbage-first heap   total 1048576K, used 180283K [0x00000000c0000000, 0x0000000100000000)
[2023-12-12T15:06:16.401+0000][gc,heap,exit  ]   region size 1024K, 42 young (43008K), 3 survivors (3072K)
[2023-12-12T15:06:16.401+0000][gc,heap,exit  ]  Metaspace       used 40243K, capacity 41549K, committed 41680K, reserved 1085440K
[2023-12-12T15:06:16.401+0000][gc,heap,exit  ]   class space    used 4605K, capacity 5203K, committed 5248K, reserved 1048576K
