[2023-12-12T14:25:27.521+0000][gc,heap] Heap region size: 1M
[2023-12-12T14:25:27.526+0000][gc     ] Using G1
[2023-12-12T14:25:27.526+0000][gc,heap,coops] Heap address: 0x00000000c0000000, size: 1024 MB, Compressed Oops mode: 32-bit
[2023-12-12T14:25:28.484+0000][gc,start     ] GC(0) Pause Young (Concurrent Start) (Metadata GC Threshold)
[2023-12-12T14:25:28.485+0000][gc,task      ] GC(0) Using 13 workers of 13 for evacuation
[2023-12-12T14:25:28.491+0000][gc,phases    ] GC(0)   Pre Evacuate Collection Set: 0.0ms
[2023-12-12T14:25:28.491+0000][gc,phases    ] GC(0)   Evacuate Collection Set: 4.9ms
[2023-12-12T14:25:28.491+0000][gc,phases    ] GC(0)   Post Evacuate Collection Set: 0.4ms
[2023-12-12T14:25:28.492+0000][gc,phases    ] GC(0)   Other: 1.5ms
[2023-12-12T14:25:28.492+0000][gc,heap      ] GC(0) Eden regions: 49->0(44)
[2023-12-12T14:25:28.492+0000][gc,heap      ] GC(0) Survivor regions: 0->7(7)
[2023-12-12T14:25:28.492+0000][gc,heap      ] GC(0) Old regions: 0->1
[2023-12-12T14:25:28.492+0000][gc,heap      ] GC(0) Humongous regions: 0->0
[2023-12-12T14:25:28.492+0000][gc,metaspace ] GC(0) Metaspace: 20764K(21296K)->20764K(21296K) NonClass: 18571K(18864K)->18571K(18864K) Class: 2193K(2432K)->2193K(2432K)
[2023-12-12T14:25:28.493+0000][gc           ] GC(0) Pause Young (Concurrent Start) (Metadata GC Threshold) 48M->7M(1024M) 8.894ms
[2023-12-12T14:25:28.493+0000][gc,cpu       ] GC(0) User=0.01s Sys=0.00s Real=0.00s
[2023-12-12T14:25:28.493+0000][gc           ] GC(1) Concurrent Cycle
[2023-12-12T14:25:28.493+0000][gc,marking   ] GC(1) Concurrent Clear Claimed Marks
[2023-12-12T14:25:28.493+0000][gc,marking   ] GC(1) Concurrent Clear Claimed Marks 0.189ms
[2023-12-12T14:25:28.494+0000][gc,marking   ] GC(1) Concurrent Scan Root Regions
[2023-12-12T14:25:28.495+0000][gc,marking   ] GC(1) Concurrent Scan Root Regions 1.444ms
[2023-12-12T14:25:28.495+0000][gc,marking   ] GC(1) Concurrent Mark (1.003s)
[2023-12-12T14:25:28.496+0000][gc,marking   ] GC(1) Concurrent Mark From Roots
[2023-12-12T14:25:28.496+0000][gc,task      ] GC(1) Using 3 workers of 3 for marking
[2023-12-12T14:25:28.496+0000][gc,marking   ] GC(1) Concurrent Mark From Roots 0.810ms
[2023-12-12T14:25:28.496+0000][gc,marking   ] GC(1) Concurrent Preclean
[2023-12-12T14:25:28.497+0000][gc,marking   ] GC(1) Concurrent Preclean 0.236ms
[2023-12-12T14:25:28.497+0000][gc,marking   ] GC(1) Concurrent Mark (1.003s, 1.005s) 1.660ms
[2023-12-12T14:25:28.497+0000][gc,start     ] GC(1) Pause Remark
[2023-12-12T14:25:28.499+0000][gc,stringtable] GC(1) Cleaned string and symbol table, strings: 7943 processed, 0 removed, symbols: 66390 processed, 31 removed
[2023-12-12T14:25:28.499+0000][gc            ] GC(1) Pause Remark 7M->7M(1024M) 1.655ms
[2023-12-12T14:25:28.499+0000][gc,cpu        ] GC(1) User=0.01s Sys=0.00s Real=0.00s
[2023-12-12T14:25:28.499+0000][gc,marking    ] GC(1) Concurrent Rebuild Remembered Sets
[2023-12-12T14:25:28.500+0000][gc,marking    ] GC(1) Concurrent Rebuild Remembered Sets 0.355ms
[2023-12-12T14:25:28.500+0000][gc,start      ] GC(1) Pause Cleanup
[2023-12-12T14:25:28.500+0000][gc            ] GC(1) Pause Cleanup 7M->7M(1024M) 0.305ms
[2023-12-12T14:25:28.500+0000][gc,cpu        ] GC(1) User=0.00s Sys=0.00s Real=0.00s
[2023-12-12T14:25:28.501+0000][gc,marking    ] GC(1) Concurrent Cleanup for Next Mark
[2023-12-12T14:25:28.503+0000][gc,marking    ] GC(1) Concurrent Cleanup for Next Mark 2.513ms
[2023-12-12T14:25:28.503+0000][gc            ] GC(1) Concurrent Cycle 10.440ms
[2023-12-12T14:25:29.188+0000][gc,start      ] GC(2) Pause Young (Normal) (G1 Evacuation Pause)
[2023-12-12T14:25:29.188+0000][gc,task       ] GC(2) Using 13 workers of 13 for evacuation
[2023-12-12T14:25:29.194+0000][gc,phases     ] GC(2)   Pre Evacuate Collection Set: 0.0ms
[2023-12-12T14:25:29.194+0000][gc,phases     ] GC(2)   Evacuate Collection Set: 4.6ms
[2023-12-12T14:25:29.194+0000][gc,phases     ] GC(2)   Post Evacuate Collection Set: 0.6ms
[2023-12-12T14:25:29.194+0000][gc,phases     ] GC(2)   Other: 0.4ms
[2023-12-12T14:25:29.195+0000][gc,heap       ] GC(2) Eden regions: 44->0(49)
[2023-12-12T14:25:29.195+0000][gc,heap       ] GC(2) Survivor regions: 7->2(7)
[2023-12-12T14:25:29.195+0000][gc,heap       ] GC(2) Old regions: 1->8
[2023-12-12T14:25:29.195+0000][gc,heap       ] GC(2) Humongous regions: 0->0
[2023-12-12T14:25:29.195+0000][gc,metaspace  ] GC(2) Metaspace: 29589K(30512K)->29589K(30512K) NonClass: 26219K(26800K)->26219K(26800K) Class: 3369K(3712K)->3369K(3712K)
[2023-12-12T14:25:29.195+0000][gc            ] GC(2) Pause Young (Normal) (G1 Evacuation Pause) 51M->8M(1024M) 7.092ms
[2023-12-12T14:25:29.195+0000][gc,cpu        ] GC(2) User=0.04s Sys=0.02s Real=0.01s
[2023-12-12T14:25:29.509+0000][gc,start      ] GC(3) Pause Young (Concurrent Start) (Metadata GC Threshold)
[2023-12-12T14:25:29.509+0000][gc,task       ] GC(3) Using 13 workers of 13 for evacuation
[2023-12-12T14:25:29.511+0000][gc,phases     ] GC(3)   Pre Evacuate Collection Set: 0.1ms
[2023-12-12T14:25:29.511+0000][gc,phases     ] GC(3)   Evacuate Collection Set: 1.5ms
[2023-12-12T14:25:29.511+0000][gc,phases     ] GC(3)   Post Evacuate Collection Set: 0.3ms
[2023-12-12T14:25:29.512+0000][gc,phases     ] GC(3)   Other: 0.5ms
[2023-12-12T14:25:29.512+0000][gc,heap       ] GC(3) Eden regions: 29->0(48)
[2023-12-12T14:25:29.512+0000][gc,heap       ] GC(3) Survivor regions: 2->3(7)
[2023-12-12T14:25:29.512+0000][gc,heap       ] GC(3) Old regions: 8->8
[2023-12-12T14:25:29.512+0000][gc,heap       ] GC(3) Humongous regions: 129->129
[2023-12-12T14:25:29.512+0000][gc,metaspace  ] GC(3) Metaspace: 34940K(35920K)->34940K(35920K) NonClass: 31084K(31568K)->31084K(31568K) Class: 3855K(4352K)->3855K(4352K)
[2023-12-12T14:25:29.512+0000][gc            ] GC(3) Pause Young (Concurrent Start) (Metadata GC Threshold) 166M->139M(1024M) 3.448ms
[2023-12-12T14:25:29.512+0000][gc,cpu        ] GC(3) User=0.01s Sys=0.00s Real=0.00s
[2023-12-12T14:25:29.513+0000][gc            ] GC(4) Concurrent Cycle
[2023-12-12T14:25:29.513+0000][gc,marking    ] GC(4) Concurrent Clear Claimed Marks
[2023-12-12T14:25:29.513+0000][gc,marking    ] GC(4) Concurrent Clear Claimed Marks 0.261ms
[2023-12-12T14:25:29.513+0000][gc,marking    ] GC(4) Concurrent Scan Root Regions
[2023-12-12T14:25:29.514+0000][gc,marking    ] GC(4) Concurrent Scan Root Regions 0.741ms
[2023-12-12T14:25:29.514+0000][gc,marking    ] GC(4) Concurrent Mark (2.022s)
[2023-12-12T14:25:29.514+0000][gc,marking    ] GC(4) Concurrent Mark From Roots
[2023-12-12T14:25:29.514+0000][gc,task       ] GC(4) Using 3 workers of 3 for marking
[2023-12-12T14:25:29.516+0000][gc,marking    ] GC(4) Concurrent Mark From Roots 2.218ms
[2023-12-12T14:25:29.517+0000][gc,marking    ] GC(4) Concurrent Preclean
[2023-12-12T14:25:29.517+0000][gc,marking    ] GC(4) Concurrent Preclean 0.285ms
[2023-12-12T14:25:29.517+0000][gc,marking    ] GC(4) Concurrent Mark (2.022s, 2.025s) 2.862ms
[2023-12-12T14:25:29.517+0000][gc,start      ] GC(4) Pause Remark
[2023-12-12T14:25:29.519+0000][gc,stringtable] GC(4) Cleaned string and symbol table, strings: 11355 processed, 10 removed, symbols: 100230 processed, 24 removed
[2023-12-12T14:25:29.519+0000][gc            ] GC(4) Pause Remark 139M->139M(1024M) 1.589ms
[2023-12-12T14:25:29.519+0000][gc,cpu        ] GC(4) User=0.01s Sys=0.00s Real=0.00s
[2023-12-12T14:25:29.519+0000][gc,marking    ] GC(4) Concurrent Rebuild Remembered Sets
[2023-12-12T14:25:29.521+0000][gc,marking    ] GC(4) Concurrent Rebuild Remembered Sets 1.361ms
[2023-12-12T14:25:29.521+0000][gc,start      ] GC(4) Pause Cleanup
[2023-12-12T14:25:29.521+0000][gc            ] GC(4) Pause Cleanup 140M->140M(1024M) 0.351ms
[2023-12-12T14:25:29.521+0000][gc,cpu        ] GC(4) User=0.00s Sys=0.00s Real=0.00s
[2023-12-12T14:25:29.521+0000][gc,marking    ] GC(4) Concurrent Cleanup for Next Mark
[2023-12-12T14:25:29.523+0000][gc,marking    ] GC(4) Concurrent Cleanup for Next Mark 1.787ms
[2023-12-12T14:25:29.523+0000][gc            ] GC(4) Concurrent Cycle 10.836ms
[2023-12-12T14:25:30.010+0000][gc,start      ] GC(5) Pause Young (Normal) (G1 Evacuation Pause)
[2023-12-12T14:25:30.010+0000][gc,task       ] GC(5) Using 13 workers of 13 for evacuation
[2023-12-12T14:25:30.014+0000][gc,phases     ] GC(5)   Pre Evacuate Collection Set: 0.0ms
[2023-12-12T14:25:30.014+0000][gc,phases     ] GC(5)   Evacuate Collection Set: 3.1ms
[2023-12-12T14:25:30.014+0000][gc,phases     ] GC(5)   Post Evacuate Collection Set: 0.5ms
[2023-12-12T14:25:30.015+0000][gc,phases     ] GC(5)   Other: 0.4ms
[2023-12-12T14:25:30.015+0000][gc,heap       ] GC(5) Eden regions: 48->0(44)
[2023-12-12T14:25:30.015+0000][gc,heap       ] GC(5) Survivor regions: 3->7(7)
[2023-12-12T14:25:30.015+0000][gc,heap       ] GC(5) Old regions: 8->8
[2023-12-12T14:25:30.015+0000][gc,heap       ] GC(5) Humongous regions: 129->129
[2023-12-12T14:25:30.015+0000][gc,metaspace  ] GC(5) Metaspace: 43318K(45008K)->43318K(45008K) NonClass: 38528K(39504K)->38528K(39504K) Class: 4790K(5504K)->4790K(5504K)
[2023-12-12T14:25:30.016+0000][gc            ] GC(5) Pause Young (Normal) (G1 Evacuation Pause) 187M->143M(1024M) 5.590ms
[2023-12-12T14:25:30.016+0000][gc,cpu        ] GC(5) User=0.04s Sys=0.01s Real=0.01s
[2023-12-12T14:30:42.339+0000][gc,heap,exit  ] Heap
[2023-12-12T14:30:42.339+0000][gc,heap,exit  ]  garbage-first heap   total 1048576K, used 180339K [0x00000000c0000000, 0x0000000100000000)
[2023-12-12T14:30:42.340+0000][gc,heap,exit  ]   region size 1024K, 42 young (43008K), 7 survivors (7168K)
[2023-12-12T14:30:42.340+0000][gc,heap,exit  ]  Metaspace       used 48166K, capacity 50371K, committed 50512K, reserved 1093632K
[2023-12-12T14:30:42.340+0000][gc,heap,exit  ]   class space    used 5805K, capacity 6869K, committed 6912K, reserved 1048576K
