[2023-12-12T19:16:17.929+0000][gc,heap] Heap region size: 1M
[2023-12-12T19:16:17.932+0000][gc     ] Using G1
[2023-12-12T19:16:17.933+0000][gc,heap,coops] Heap address: 0x00000000e0000000, size: 512 MB, Compressed Oops mode: 32-bit
[2023-12-12T19:16:18.983+0000][gc,start     ] GC(0) Pause Young (Normal) (G1 Evacuation Pause)
[2023-12-12T19:16:18.984+0000][gc,task      ] GC(0) Using 12 workers of 13 for evacuation
[2023-12-12T19:16:18.992+0000][gc,phases    ] GC(0)   Pre Evacuate Collection Set: 0.0ms
[2023-12-12T19:16:18.992+0000][gc,phases    ] GC(0)   Evacuate Collection Set: 7.5ms
[2023-12-12T19:16:18.993+0000][gc,phases    ] GC(0)   Post Evacuate Collection Set: 0.5ms
[2023-12-12T19:16:18.993+0000][gc,phases    ] GC(0)   Other: 1.3ms
[2023-12-12T19:16:18.993+0000][gc,heap      ] GC(0) Eden regions: 25->0(21)
[2023-12-12T19:16:18.993+0000][gc,heap      ] GC(0) Survivor regions: 0->4(4)
[2023-12-12T19:16:18.994+0000][gc,heap      ] GC(0) Old regions: 0->4
[2023-12-12T19:16:18.994+0000][gc,heap      ] GC(0) Humongous regions: 0->0
[2023-12-12T19:16:18.994+0000][gc,metaspace ] GC(0) Metaspace: 14854K(15488K)->14854K(15488K) NonClass: 13398K(13824K)->13398K(13824K) Class: 1456K(1664K)->1456K(1664K)
[2023-12-12T19:16:18.994+0000][gc           ] GC(0) Pause Young (Normal) (G1 Evacuation Pause) 25M->7M(512M) 11.565ms
[2023-12-12T19:16:18.994+0000][gc,cpu       ] GC(0) User=0.05s Sys=0.04s Real=0.02s
[2023-12-12T19:34:51.960+0000][gc,heap,exit ] Heap
[2023-12-12T19:34:51.961+0000][gc,heap,exit ]  garbage-first heap   total 524288K, used 23202K [0x00000000e0000000, 0x0000000100000000)
[2023-12-12T19:34:51.961+0000][gc,heap,exit ]   region size 1024K, 20 young (20480K), 4 survivors (4096K)
[2023-12-12T19:34:51.961+0000][gc,heap,exit ]  Metaspace       used 17053K, capacity 17483K, committed 17792K, reserved 1064960K
[2023-12-12T19:34:51.961+0000][gc,heap,exit ]   class space    used 1673K, capacity 1836K, committed 1920K, reserved 1048576K
