[2023-12-12T15:06:50.046+0000][gc,heap] Heap region size: 1M
[2023-12-12T15:06:50.049+0000][gc     ] Using G1
[2023-12-12T15:06:50.050+0000][gc,heap,coops] Heap address: 0x00000000e0000000, size: 512 MB, Compressed Oops mode: 32-bit
[2023-12-12T15:06:51.133+0000][gc,start     ] GC(0) Pause Young (Normal) (G1 Evacuation Pause)
[2023-12-12T15:06:51.134+0000][gc,task      ] GC(0) Using 12 workers of 13 for evacuation
[2023-12-12T15:06:51.142+0000][gc,phases    ] GC(0)   Pre Evacuate Collection Set: 0.0ms
[2023-12-12T15:06:51.143+0000][gc,phases    ] GC(0)   Evacuate Collection Set: 7.4ms
[2023-12-12T15:06:51.143+0000][gc,phases    ] GC(0)   Post Evacuate Collection Set: 0.6ms
[2023-12-12T15:06:51.144+0000][gc,phases    ] GC(0)   Other: 1.4ms
[2023-12-12T15:06:51.144+0000][gc,heap      ] GC(0) Eden regions: 25->0(21)
[2023-12-12T15:06:51.144+0000][gc,heap      ] GC(0) Survivor regions: 0->4(4)
[2023-12-12T15:06:51.144+0000][gc,heap      ] GC(0) Old regions: 0->4
[2023-12-12T15:06:51.145+0000][gc,heap      ] GC(0) Humongous regions: 0->0
[2023-12-12T15:06:51.145+0000][gc,metaspace ] GC(0) Metaspace: 14856K(15488K)->14856K(15488K) NonClass: 13399K(13824K)->13399K(13824K) Class: 1456K(1664K)->1456K(1664K)
[2023-12-12T15:06:51.145+0000][gc           ] GC(0) Pause Young (Normal) (G1 Evacuation Pause) 25M->7M(512M) 11.750ms
[2023-12-12T15:06:51.145+0000][gc,cpu       ] GC(0) User=0.06s Sys=0.02s Real=0.02s
[2023-12-12T15:07:52.710+0000][gc,heap,exit ] Heap
[2023-12-12T15:07:52.710+0000][gc,heap,exit ]  garbage-first heap   total 524288K, used 22232K [0x00000000e0000000, 0x0000000100000000)
[2023-12-12T15:07:52.711+0000][gc,heap,exit ]   region size 1024K, 19 young (19456K), 4 survivors (4096K)
[2023-12-12T15:07:52.711+0000][gc,heap,exit ]  Metaspace       used 16842K, capacity 17227K, committed 17536K, reserved 1064960K
[2023-12-12T15:07:52.711+0000][gc,heap,exit ]   class space    used 1667K, capacity 1836K, committed 1920K, reserved 1048576K
