[2023-12-12T19:34:56.967+0000][gc,heap] Heap region size: 1M
[2023-12-12T19:34:56.970+0000][gc     ] Using G1
[2023-12-12T19:34:56.970+0000][gc,heap,coops] Heap address: 0x00000000e0000000, size: 512 MB, Compressed Oops mode: 32-bit
[2023-12-12T19:34:57.928+0000][gc,start     ] GC(0) Pause Young (Normal) (G1 Evacuation Pause)
[2023-12-12T19:34:57.929+0000][gc,task      ] GC(0) Using 12 workers of 13 for evacuation
[2023-12-12T19:34:57.937+0000][gc,phases    ] GC(0)   Pre Evacuate Collection Set: 0.0ms
[2023-12-12T19:34:57.937+0000][gc,phases    ] GC(0)   Evacuate Collection Set: 6.6ms
[2023-12-12T19:34:57.937+0000][gc,phases    ] GC(0)   Post Evacuate Collection Set: 0.5ms
[2023-12-12T19:34:57.938+0000][gc,phases    ] GC(0)   Other: 1.6ms
[2023-12-12T19:34:57.938+0000][gc,heap      ] GC(0) Eden regions: 25->0(21)
[2023-12-12T19:34:57.938+0000][gc,heap      ] GC(0) Survivor regions: 0->4(4)
[2023-12-12T19:34:57.938+0000][gc,heap      ] GC(0) Old regions: 0->4
[2023-12-12T19:34:57.938+0000][gc,heap      ] GC(0) Humongous regions: 0->0
[2023-12-12T19:34:57.938+0000][gc,metaspace ] GC(0) Metaspace: 14855K(15488K)->14855K(15488K) NonClass: 13399K(13824K)->13399K(13824K) Class: 1455K(1664K)->1455K(1664K)
[2023-12-12T19:34:57.939+0000][gc           ] GC(0) Pause Young (Normal) (G1 Evacuation Pause) 25M->7M(512M) 10.676ms
[2023-12-12T19:34:57.939+0000][gc,cpu       ] GC(0) User=0.06s Sys=0.02s Real=0.01s
[2023-12-12T20:58:29.950+0000][gc,start     ] GC(1) Pause Young (Normal) (G1 Evacuation Pause)
[2023-12-12T20:58:29.951+0000][gc,task      ] GC(1) Using 12 workers of 13 for evacuation
[2023-12-12T20:58:29.965+0000][gc,phases    ] GC(1)   Pre Evacuate Collection Set: 1.2ms
[2023-12-12T20:58:29.965+0000][gc,phases    ] GC(1)   Evacuate Collection Set: 11.4ms
[2023-12-12T20:58:29.965+0000][gc,phases    ] GC(1)   Post Evacuate Collection Set: 0.6ms
[2023-12-12T20:58:29.965+0000][gc,phases    ] GC(1)   Other: 1.3ms
[2023-12-12T20:58:29.965+0000][gc,heap      ] GC(1) Eden regions: 21->0(24)
[2023-12-12T20:58:29.965+0000][gc,heap      ] GC(1) Survivor regions: 4->1(4)
[2023-12-12T20:58:29.965+0000][gc,heap      ] GC(1) Old regions: 4->8
[2023-12-12T20:58:29.966+0000][gc,heap      ] GC(1) Humongous regions: 0->0
[2023-12-12T20:58:29.966+0000][gc,metaspace ] GC(1) Metaspace: 17348K(18048K)->17348K(18048K) NonClass: 15677K(16128K)->15677K(16128K) Class: 1671K(1920K)->1671K(1920K)
[2023-12-12T20:58:29.966+0000][gc           ] GC(1) Pause Young (Normal) (G1 Evacuation Pause) 28M->8M(512M) 15.555ms
[2023-12-12T20:58:29.966+0000][gc,cpu       ] GC(1) User=0.13s Sys=0.00s Real=0.02s
[2023-12-12T22:34:59.886+0000][gc,heap,exit ] Heap
[2023-12-12T22:34:59.886+0000][gc,heap,exit ]  garbage-first heap   total 524288K, used 15067K [0x00000000e0000000, 0x0000000100000000)
[2023-12-12T22:34:59.887+0000][gc,heap,exit ]   region size 1024K, 8 young (8192K), 1 survivors (1024K)
[2023-12-12T22:34:59.887+0000][gc,heap,exit ]  Metaspace       used 17363K, capacity 17803K, committed 18048K, reserved 1064960K
[2023-12-12T22:34:59.887+0000][gc,heap,exit ]   class space    used 1673K, capacity 1836K, committed 1920K, reserved 1048576K
