[2023-12-12T15:08:01.202+0000][gc,heap] Heap region size: 1M
[2023-12-12T15:08:01.206+0000][gc     ] Using G1
[2023-12-12T15:08:01.206+0000][gc,heap,coops] Heap address: 0x00000000e0000000, size: 512 MB, Compressed Oops mode: 32-bit
[2023-12-12T15:08:02.227+0000][gc,start     ] GC(0) Pause Young (Normal) (G1 Evacuation Pause)
[2023-12-12T15:08:02.228+0000][gc,task      ] GC(0) Using 12 workers of 13 for evacuation
[2023-12-12T15:08:02.236+0000][gc,phases    ] GC(0)   Pre Evacuate Collection Set: 0.0ms
[2023-12-12T15:08:02.237+0000][gc,phases    ] GC(0)   Evacuate Collection Set: 7.1ms
[2023-12-12T15:08:02.237+0000][gc,phases    ] GC(0)   Post Evacuate Collection Set: 0.5ms
[2023-12-12T15:08:02.237+0000][gc,phases    ] GC(0)   Other: 1.3ms
[2023-12-12T15:08:02.237+0000][gc,heap      ] GC(0) Eden regions: 25->0(21)
[2023-12-12T15:08:02.237+0000][gc,heap      ] GC(0) Survivor regions: 0->4(4)
[2023-12-12T15:08:02.238+0000][gc,heap      ] GC(0) Old regions: 0->4
[2023-12-12T15:08:02.238+0000][gc,heap      ] GC(0) Humongous regions: 0->0
[2023-12-12T15:08:02.238+0000][gc,metaspace ] GC(0) Metaspace: 14654K(15232K)->14654K(15232K) NonClass: 13215K(13568K)->13215K(13568K) Class: 1439K(1664K)->1439K(1664K)
[2023-12-12T15:08:02.238+0000][gc           ] GC(0) Pause Young (Normal) (G1 Evacuation Pause) 25M->7M(512M) 10.653ms
[2023-12-12T15:08:02.238+0000][gc,cpu       ] GC(0) User=0.00s Sys=0.09s Real=0.01s
[2023-12-12T15:08:14.551+0000][gc,heap,exit ] Heap
[2023-12-12T15:08:14.551+0000][gc,heap,exit ]  garbage-first heap   total 524288K, used 24350K [0x00000000e0000000, 0x0000000100000000)
[2023-12-12T15:08:14.551+0000][gc,heap,exit ]   region size 1024K, 21 young (21504K), 4 survivors (4096K)
[2023-12-12T15:08:14.551+0000][gc,heap,exit ]  Metaspace       used 16938K, capacity 17291K, committed 17536K, reserved 1064960K
[2023-12-12T15:08:14.551+0000][gc,heap,exit ]   class space    used 1673K, capacity 1836K, committed 1920K, reserved 1048576K
