[2023-12-12T15:06:21.121+0000][gc,heap] Heap region size: 1M
[2023-12-12T15:06:21.124+0000][gc     ] Using G1
[2023-12-12T15:06:21.124+0000][gc,heap,coops] Heap address: 0x00000000e0000000, size: 512 MB, Compressed Oops mode: 32-bit
[2023-12-12T15:06:22.166+0000][gc,start     ] GC(0) Pause Young (Normal) (G1 Evacuation Pause)
[2023-12-12T15:06:22.167+0000][gc,task      ] GC(0) Using 12 workers of 13 for evacuation
[2023-12-12T15:06:22.175+0000][gc,phases    ] GC(0)   Pre Evacuate Collection Set: 0.0ms
[2023-12-12T15:06:22.175+0000][gc,phases    ] GC(0)   Evacuate Collection Set: 7.1ms
[2023-12-12T15:06:22.176+0000][gc,phases    ] GC(0)   Post Evacuate Collection Set: 0.4ms
[2023-12-12T15:06:22.176+0000][gc,phases    ] GC(0)   Other: 1.1ms
[2023-12-12T15:06:22.176+0000][gc,heap      ] GC(0) Eden regions: 25->0(21)
[2023-12-12T15:06:22.176+0000][gc,heap      ] GC(0) Survivor regions: 0->4(4)
[2023-12-12T15:06:22.177+0000][gc,heap      ] GC(0) Old regions: 0->4
[2023-12-12T15:06:22.177+0000][gc,heap      ] GC(0) Humongous regions: 0->0
[2023-12-12T15:06:22.177+0000][gc,metaspace ] GC(0) Metaspace: 14867K(15488K)->14867K(15488K) NonClass: 13410K(13824K)->13410K(13824K) Class: 1457K(1664K)->1457K(1664K)
[2023-12-12T15:06:22.177+0000][gc           ] GC(0) Pause Young (Normal) (G1 Evacuation Pause) 25M->7M(512M) 10.873ms
[2023-12-12T15:06:22.177+0000][gc,cpu       ] GC(0) User=0.09s Sys=0.00s Real=0.01s
[2023-12-12T15:06:37.133+0000][gc,heap,exit ] Heap
[2023-12-12T15:06:37.134+0000][gc,heap,exit ]  garbage-first heap   total 524288K, used 22416K [0x00000000e0000000, 0x0000000100000000)
[2023-12-12T15:06:37.134+0000][gc,heap,exit ]   region size 1024K, 19 young (19456K), 4 survivors (4096K)
[2023-12-12T15:06:37.134+0000][gc,heap,exit ]  Metaspace       used 16719K, capacity 17090K, committed 17152K, reserved 1064960K
[2023-12-12T15:06:37.134+0000][gc,heap,exit ]   class space    used 1648K, capacity 1769K, committed 1792K, reserved 1048576K
