[2023-12-12T14:30:47.331+0000][gc,heap] Heap region size: 1M
[2023-12-12T14:30:47.334+0000][gc     ] Using G1
[2023-12-12T14:30:47.334+0000][gc,heap,coops] Heap address: 0x00000000e0000000, size: 512 MB, Compressed Oops mode: 32-bit
[2023-12-12T14:30:48.357+0000][gc,start     ] GC(0) Pause Young (Normal) (G1 Evacuation Pause)
[2023-12-12T14:30:48.358+0000][gc,task      ] GC(0) Using 12 workers of 13 for evacuation
[2023-12-12T14:30:48.366+0000][gc,phases    ] GC(0)   Pre Evacuate Collection Set: 0.0ms
[2023-12-12T14:30:48.367+0000][gc,phases    ] GC(0)   Evacuate Collection Set: 7.3ms
[2023-12-12T14:30:48.367+0000][gc,phases    ] GC(0)   Post Evacuate Collection Set: 0.4ms
[2023-12-12T14:30:48.367+0000][gc,phases    ] GC(0)   Other: 1.2ms
[2023-12-12T14:30:48.367+0000][gc,heap      ] GC(0) Eden regions: 25->0(21)
[2023-12-12T14:30:48.367+0000][gc,heap      ] GC(0) Survivor regions: 0->4(4)
[2023-12-12T14:30:48.367+0000][gc,heap      ] GC(0) Old regions: 0->4
[2023-12-12T14:30:48.368+0000][gc,heap      ] GC(0) Humongous regions: 0->0
[2023-12-12T14:30:48.368+0000][gc,metaspace ] GC(0) Metaspace: 14770K(15232K)->14770K(15232K) NonClass: 13321K(13568K)->13321K(13568K) Class: 1448K(1664K)->1448K(1664K)
[2023-12-12T14:30:48.368+0000][gc           ] GC(0) Pause Young (Normal) (G1 Evacuation Pause) 25M->7M(512M) 10.540ms
[2023-12-12T14:30:48.368+0000][gc,cpu       ] GC(0) User=0.00s Sys=0.09s Real=0.01s
[2023-12-12T14:45:38.875+0000][gc,heap,exit ] Heap
[2023-12-12T14:45:38.875+0000][gc,heap,exit ]  garbage-first heap   total 524288K, used 24363K [0x00000000e0000000, 0x0000000100000000)
[2023-12-12T14:45:38.875+0000][gc,heap,exit ]   region size 1024K, 21 young (21504K), 4 survivors (4096K)
[2023-12-12T14:45:38.876+0000][gc,heap,exit ]  Metaspace       used 17080K, capacity 17483K, committed 17792K, reserved 1064960K
[2023-12-12T14:45:38.876+0000][gc,heap,exit ]   class space    used 1676K, capacity 1836K, committed 1920K, reserved 1048576K
