[2023-12-12T22:38:34.859+0000][gc,heap] Heap region size: 1M
[2023-12-12T22:38:34.867+0000][gc     ] Using G1
[2023-12-12T22:38:34.867+0000][gc,heap,coops] Heap address: 0x00000000e0000000, size: 512 MB, Compressed Oops mode: 32-bit
[2023-12-12T22:38:36.368+0000][gc,start     ] GC(0) Pause Young (Normal) (G1 Evacuation Pause)
[2023-12-12T22:38:36.369+0000][gc,task      ] GC(0) Using 12 workers of 13 for evacuation
[2023-12-12T22:38:36.384+0000][gc,phases    ] GC(0)   Pre Evacuate Collection Set: 0.1ms
[2023-12-12T22:38:36.384+0000][gc,phases    ] GC(0)   Evacuate Collection Set: 13.4ms
[2023-12-12T22:38:36.385+0000][gc,phases    ] GC(0)   Post Evacuate Collection Set: 0.7ms
[2023-12-12T22:38:36.385+0000][gc,phases    ] GC(0)   Other: 1.8ms
[2023-12-12T22:38:36.385+0000][gc,heap      ] GC(0) Eden regions: 25->0(21)
[2023-12-12T22:38:36.385+0000][gc,heap      ] GC(0) Survivor regions: 0->4(4)
[2023-12-12T22:38:36.385+0000][gc,heap      ] GC(0) Old regions: 0->4
[2023-12-12T22:38:36.385+0000][gc,heap      ] GC(0) Humongous regions: 0->0
[2023-12-12T22:38:36.386+0000][gc,metaspace ] GC(0) Metaspace: 14853K(15488K)->14853K(15488K) NonClass: 13397K(13824K)->13397K(13824K) Class: 1455K(1664K)->1455K(1664K)
[2023-12-12T22:38:36.386+0000][gc           ] GC(0) Pause Young (Normal) (G1 Evacuation Pause) 25M->7M(512M) 17.810ms
[2023-12-12T22:38:36.386+0000][gc,cpu       ] GC(0) User=0.03s Sys=0.14s Real=0.02s
